Archive member included to satisfy reference by file (symbol)

C:/ST/STM32CubeIDE_1.13.2/STM32CubeIDE/plugins/com.st.stm32cube.ide.mcu.externaltools.gnu-tools-for-stm32.11.3.rel1.win32_1.1.1.202309131626/tools/bin/../lib/gcc/arm-none-eabi/11.3.1/../../../../arm-none-eabi/lib/thumb/v8-m.main+fp/hard\libc_nano.a(libc_a-exit.o)
                              C:/ST/STM32CubeIDE_1.13.2/STM32CubeIDE/plugins/com.st.stm32cube.ide.mcu.externaltools.gnu-tools-for-stm32.11.3.rel1.win32_1.1.1.202309131626/tools/bin/../lib/gcc/arm-none-eabi/11.3.1/../../../../arm-none-eabi/lib/thumb/v8-m.main+fp/hard/crt0.o (exit)
C:/ST/STM32CubeIDE_1.13.2/STM32CubeIDE/plugins/com.st.stm32cube.ide.mcu.externaltools.gnu-tools-for-stm32.11.3.rel1.win32_1.1.1.202309131626/tools/bin/../lib/gcc/arm-none-eabi/11.3.1/../../../../arm-none-eabi/lib/thumb/v8-m.main+fp/hard\libc_nano.a(libc_a-findfp.o)
                              C:/ST/STM32CubeIDE_1.13.2/STM32CubeIDE/plugins/com.st.stm32cube.ide.mcu.externaltools.gnu-tools-for-stm32.11.3.rel1.win32_1.1.1.202309131626/tools/bin/../lib/gcc/arm-none-eabi/11.3.1/../../../../arm-none-eabi/lib/thumb/v8-m.main+fp/hard\libc_nano.a(libc_a-exit.o) (__stdio_exit_handler)
C:/ST/STM32CubeIDE_1.13.2/STM32CubeIDE/plugins/com.st.stm32cube.ide.mcu.externaltools.gnu-tools-for-stm32.11.3.rel1.win32_1.1.1.202309131626/tools/bin/../lib/gcc/arm-none-eabi/11.3.1/../../../../arm-none-eabi/lib/thumb/v8-m.main+fp/hard\libc_nano.a(libc_a-fwalk.o)
                              C:/ST/STM32CubeIDE_1.13.2/STM32CubeIDE/plugins/com.st.stm32cube.ide.mcu.externaltools.gnu-tools-for-stm32.11.3.rel1.win32_1.1.1.202309131626/tools/bin/../lib/gcc/arm-none-eabi/11.3.1/../../../../arm-none-eabi/lib/thumb/v8-m.main+fp/hard\libc_nano.a(libc_a-findfp.o) (_fwalk_sglue)
C:/ST/STM32CubeIDE_1.13.2/STM32CubeIDE/plugins/com.st.stm32cube.ide.mcu.externaltools.gnu-tools-for-stm32.11.3.rel1.win32_1.1.1.202309131626/tools/bin/../lib/gcc/arm-none-eabi/11.3.1/../../../../arm-none-eabi/lib/thumb/v8-m.main+fp/hard\libc_nano.a(libc_a-stdio.o)
                              C:/ST/STM32CubeIDE_1.13.2/STM32CubeIDE/plugins/com.st.stm32cube.ide.mcu.externaltools.gnu-tools-for-stm32.11.3.rel1.win32_1.1.1.202309131626/tools/bin/../lib/gcc/arm-none-eabi/11.3.1/../../../../arm-none-eabi/lib/thumb/v8-m.main+fp/hard\libc_nano.a(libc_a-findfp.o) (__sread)
C:/ST/STM32CubeIDE_1.13.2/STM32CubeIDE/plugins/com.st.stm32cube.ide.mcu.externaltools.gnu-tools-for-stm32.11.3.rel1.win32_1.1.1.202309131626/tools/bin/../lib/gcc/arm-none-eabi/11.3.1/../../../../arm-none-eabi/lib/thumb/v8-m.main+fp/hard\libc_nano.a(libc_a-memset.o)
                              C:/ST/STM32CubeIDE_1.13.2/STM32CubeIDE/plugins/com.st.stm32cube.ide.mcu.externaltools.gnu-tools-for-stm32.11.3.rel1.win32_1.1.1.202309131626/tools/bin/../lib/gcc/arm-none-eabi/11.3.1/../../../../arm-none-eabi/lib/thumb/v8-m.main+fp/hard/crt0.o (memset)
C:/ST/STM32CubeIDE_1.13.2/STM32CubeIDE/plugins/com.st.stm32cube.ide.mcu.externaltools.gnu-tools-for-stm32.11.3.rel1.win32_1.1.1.202309131626/tools/bin/../lib/gcc/arm-none-eabi/11.3.1/../../../../arm-none-eabi/lib/thumb/v8-m.main+fp/hard\libc_nano.a(libc_a-closer.o)
                              C:/ST/STM32CubeIDE_1.13.2/STM32CubeIDE/plugins/com.st.stm32cube.ide.mcu.externaltools.gnu-tools-for-stm32.11.3.rel1.win32_1.1.1.202309131626/tools/bin/../lib/gcc/arm-none-eabi/11.3.1/../../../../arm-none-eabi/lib/thumb/v8-m.main+fp/hard\libc_nano.a(libc_a-stdio.o) (_close_r)
C:/ST/STM32CubeIDE_1.13.2/STM32CubeIDE/plugins/com.st.stm32cube.ide.mcu.externaltools.gnu-tools-for-stm32.11.3.rel1.win32_1.1.1.202309131626/tools/bin/../lib/gcc/arm-none-eabi/11.3.1/../../../../arm-none-eabi/lib/thumb/v8-m.main+fp/hard\libc_nano.a(libc_a-reent.o)
                              C:/ST/STM32CubeIDE_1.13.2/STM32CubeIDE/plugins/com.st.stm32cube.ide.mcu.externaltools.gnu-tools-for-stm32.11.3.rel1.win32_1.1.1.202309131626/tools/bin/../lib/gcc/arm-none-eabi/11.3.1/../../../../arm-none-eabi/lib/thumb/v8-m.main+fp/hard\libc_nano.a(libc_a-closer.o) (errno)
C:/ST/STM32CubeIDE_1.13.2/STM32CubeIDE/plugins/com.st.stm32cube.ide.mcu.externaltools.gnu-tools-for-stm32.11.3.rel1.win32_1.1.1.202309131626/tools/bin/../lib/gcc/arm-none-eabi/11.3.1/../../../../arm-none-eabi/lib/thumb/v8-m.main+fp/hard\libc_nano.a(libc_a-impure.o)
                              C:/ST/STM32CubeIDE_1.13.2/STM32CubeIDE/plugins/com.st.stm32cube.ide.mcu.externaltools.gnu-tools-for-stm32.11.3.rel1.win32_1.1.1.202309131626/tools/bin/../lib/gcc/arm-none-eabi/11.3.1/../../../../arm-none-eabi/lib/thumb/v8-m.main+fp/hard\libc_nano.a(libc_a-reent.o) (_impure_ptr)
C:/ST/STM32CubeIDE_1.13.2/STM32CubeIDE/plugins/com.st.stm32cube.ide.mcu.externaltools.gnu-tools-for-stm32.11.3.rel1.win32_1.1.1.202309131626/tools/bin/../lib/gcc/arm-none-eabi/11.3.1/../../../../arm-none-eabi/lib/thumb/v8-m.main+fp/hard\libc_nano.a(libc_a-lseekr.o)
[...]
Memory Configuration

Name             Origin             Length             Attributes
RAM              0x0000000020000000 0x0000000000008000 xrw
FLASH            0x0000000008000000 0x0000000000020000 xr
*default*        0x0000000000000000 0xffffffffffffffff

Linker script and memory map

LOAD C:/ST/STM32CubeIDE_1.13.2/STM32CubeIDE/plugins/com.st.stm32cube.ide.mcu.externaltools.gnu-tools-for-stm32.11.3.rel1.win32_1.1.1.202309131626/tools/bin/../lib/gcc/arm-none-eabi/11.3.1/thumb/v8-m.main+fp/hard/crti.o
LOAD C:/ST/STM32CubeIDE_1.13.2/STM32CubeIDE/plugins/com.st.stm32cube.ide.mcu.externaltools.gnu-tools-for-stm32.11.3.rel1.win32_1.1.1.202309131626/tools/bin/../lib/gcc/arm-none-eabi/11.3.1/thumb/v8-m.main+fp/hard/crtbegin.o
LOAD C:/ST/STM32CubeIDE_1.13.2/STM32CubeIDE/plugins/com.st.stm32cube.ide.mcu.externaltools.gnu-tools-for-stm32.11.3.rel1.win32_1.1.1.202309131626/tools/bin/../lib/gcc/arm-none-eabi/11.3.1/../../../../arm-none-eabi/lib/thumb/v8-m.main+fp/hard/crt0.o
LOAD ./Application/Startup/startup_stm32h503rbtx.o
LOAD ./Application/User/bma530.o
LOAD ./Application/User/bst_api.o
LOAD ./Application/User/main.o
LOAD ./Application/User/stm32h5xx_hal_msp.o
LOAD ./Application/User/stm32h5xx_it.o
LOAD ./Application/User/syscalls.o
LOAD ./Application/User/sysmem.o
LOAD ./Drivers/BSP/STM32H5xx_Nucleo/stm32h5xx_nucleo.o
LOAD ./Drivers/CMSIS/system_stm32h5xx.o
LOAD ./Drivers/STM32H5xx_HAL_Driver/stm32h5xx_hal.o
LOAD ./Drivers/STM32H5xx_HAL_Driver/stm32h5xx_hal_cortex.o
LOAD ./Drivers/STM32H5xx_HAL_Driver/stm32h5xx_hal_dma.o
LOAD ./Drivers/STM32H5xx_HAL_Driver/stm32h5xx_hal_dma_ex.o
LOAD ./Drivers/STM32H5xx_HAL_Driver/stm32h5xx_hal_exti.o
LOAD ./Drivers/STM32H5xx_HAL_Driver/stm32h5xx_hal_flash.o
LOAD ./Drivers/STM32H5xx_HAL_Driver/stm32h5xx_hal_flash_ex.o
LOAD ./Drivers/STM32H5xx_HAL_Driver/stm32h5xx_hal_gpio.o
LOAD ./Drivers/STM32H5xx_HAL_Driver/stm32h5xx_hal_i3c.o
LOAD ./Drivers/STM32H5xx_HAL_Driver/stm32h5xx_hal_icache.o
LOAD ./Drivers/STM32H5xx_HAL_Driver/stm32h5xx_hal_pwr.o
LOAD ./Drivers/STM32H5xx_HAL_Driver/stm32h5xx_hal_pwr_ex.o
LOAD ./Drivers/STM32H5xx_HAL_Driver/stm32h5xx_hal_rcc.o
LOAD ./Drivers/STM32H5xx_HAL_Driver/stm32h5xx_hal_rcc_ex.o
START GROUP
LOAD C:/ST/STM32CubeIDE_1.13.2/STM32CubeIDE/plugins/com.st.stm32cube.ide.mcu.externaltools.gnu-tools-for-stm32.11.3.rel1.win32_1.1.1.202309131626/tools/bin/../lib/gcc/arm-none-eabi/11.3.1/../../../../arm-none-eabi/lib/thumb/v8-m.main+fp/hard\libc_nano.a
LOAD C:/ST/STM32CubeIDE_1.13.2/STM32CubeIDE/plugins/com.st.stm32cube.ide.mcu.externaltools.gnu-tools-for-stm32.11.3.rel1.win32_1.1.1.202309131626/tools/bin/../lib/gcc/arm-none-eabi/11.3.1/../../../../arm-none-eabi/lib/thumb/v8-m.main+fp/hard\libm.a
END GROUP
START GROUP
LOAD C:/ST/STM32CubeIDE_1.13.2/STM32CubeIDE/plugins/com.st.stm32cube.ide.mcu.externaltools.gnu-tools-for-stm32.11.3.rel1.win32_1.1.1.202309131626/tools/bin/../lib/gcc/arm-none-eabi/11.3.1/thumb/v8-m.main+fp/hard\libgcc.a
LOAD C:/ST/STM32CubeIDE_1.13.2/STM32CubeIDE/plugins/com.st.stm32cube.ide.mcu.externaltools.gnu-tools-for-stm32.11.3.rel1.win32_1.1.1.202309131626/tools/bin/../lib/gcc/arm-none-eabi/11.3.1/../../../../arm-none-eabi/lib/thumb/v8-m.main+fp/hard\libc_nano.a
END GROUP
START GROUP
LOAD C:/ST/STM32CubeIDE_1.13.2/STM32CubeIDE/plugins/com.st.stm32cube.ide.mcu.externaltools.gnu-tools-for-stm32.11.3.rel1.win32_1.1.1.202309131626/tools/bin/../lib/gcc/arm-none-eabi/11.3.1/thumb/v8-m.main+fp/hard\libgcc.a
LOAD C:/ST/STM32CubeIDE_1.13.2/STM32CubeIDE/plugins/com.st.stm32cube.ide.mcu.externaltools.gnu-tools-for-stm32.11.3.rel1.win32_1.1.1.202309131626/tools/bin/../lib/gcc/arm-none-eabi/11.3.1/../../../../arm-none-eabi/lib/thumb/v8-m.main+fp/hard\libc_nano.a
LOAD C:/ST/STM32CubeIDE_1.13.2/STM32CubeIDE/plugins/com.st.stm32cube.ide.mcu.externaltools.gnu-tools-for-stm32.11.3.rel1.win32_1.1.1.202309131626/tools/bin/../lib/gcc/arm-none-eabi/11.3.1/../../../../arm-none-eabi/lib/thumb/v8-m.main+fp/hard\libnosys.a
END GROUP
START GROUP
LOAD C:/ST/STM32CubeIDE_1.13.2/STM32CubeIDE/plugins/com.st.stm32cube.ide.mcu.externaltools.gnu-tools-for-stm32.11.3.rel1.win32_1.1.1.202309131626/tools/bin/../lib/gcc/arm-none-eabi/11.3.1/thumb/v8-m.main+fp/hard\libgcc.a
LOAD C:/ST/STM32CubeIDE_1.13.2/STM32CubeIDE/plugins/com.st.stm32cube.ide.mcu.externaltools.gnu-tools-for-stm32.11.3.rel1.win32_1.1.1.202309131626/tools/bin/../lib/gcc/arm-none-eabi/11.3.1/../../../../arm-none-eabi/lib/thumb/v8-m.main+fp/hard\libc_nano.a
LOAD C:/ST/STM32CubeIDE_1.13.2/STM32CubeIDE/plugins/com.st.stm32cube.ide.mcu.externaltools.gnu-tools-for-stm32.11.3.rel1.win32_1.1.1.202309131626/tools/bin/../lib/gcc/arm-none-eabi/11.3.1/../../../../arm-none-eabi/lib/thumb/v8-m.main+fp/hard\libnosys.a
END GROUP
LOAD C:/ST/STM32CubeIDE_1.13.2/STM32CubeIDE/plugins/com.st.stm32cube.ide.mcu.externaltools.gnu-tools-for-stm32.11.3.rel1.win32_1.1.1.202309131626/tools/bin/../lib/gcc/arm-none-eabi/11.3.1/thumb/v8-m.main+fp/hard/crtend.o
LOAD C:/ST/STM32CubeIDE_1.13.2/STM32CubeIDE/plugins/com.st.stm32cube.ide.mcu.externaltools.gnu-tools-for-stm32.11.3.rel1.win32_1.1.1.202309131626/tools/bin/../lib/gcc/arm-none-eabi/11.3.1/thumb/v8-m.main+fp/hard/crtn.o
                0x0000000020008000                _estack = (ORIGIN (RAM) + LENGTH (RAM))
                0x0000000000000200                _Min_Heap_Size = 0x200
                0x0000000000000400                _Min_Stack_Size = 0x400

.isr_vector     0x0000000008000000      0x258
                0x0000000008000000                . = ALIGN (0x4)
 *(.isr_vector)
 .isr_vector    0x0000000008000000      0x258 ./Application/Startup/startup_stm32h503rbtx.o
                0x0000000008000000                g_pfnVectors
                0x0000000008000258                . = ALIGN (0x4)

.text           0x0000000008000258     0x5d70
                0x0000000008000258                . = ALIGN (0x4)
 *(.text)
 .text          0x0000000008000258       0x40 C:/ST/STM32CubeIDE_1.13.2/STM32CubeIDE/plugins/com.st.stm32cube.ide.mcu.externaltools.gnu-tools-for-stm32.11.3.rel1.win32_1.1.1.202309131626/tools/bin/../lib/gcc/arm-none-eabi/11.3.1/thumb/v8-m.main+fp/hard/crtbegin.o
 *(.text*)
 .text.Reset_Handler
                0x0000000008000298       0x50 ./Application/Startup/startup_stm32h503rbtx.o
                0x0000000008000298                Reset_Handler
 .text.Default_Handler
                0x00000000080002e8        0x2 ./Application/Startup/startup_stm32h503rbtx.o
                0x00000000080002e8                EXTI2_IRQHandler
                0x00000000080002e8                EXTI5_IRQHandler
                0x00000000080002e8                GPDMA2_Channel1_IRQHandler
                0x00000000080002e8                EXTI13_IRQHandler
                0x00000000080002e8                TIM1_CC_IRQHandler
                0x00000000080002e8                GPDMA2_Channel3_IRQHandler
                0x00000000080002e8                TAMP_IRQHandler
                0x00000000080002e8                TIM6_IRQHandler
                0x00000000080002e8                EXTI12_IRQHandler
                0x00000000080002e8                USB_DRD_FS_IRQHandler
                0x00000000080002e8                EXTI3_IRQHandler
                0x00000000080002e8                GPDMA1_Channel5_IRQHandler
                0x00000000080002e8                EXTI8_IRQHandler
                0x00000000080002e8                GPDMA2_Channel5_IRQHandler
                0x00000000080002e8                LPTIM2_IRQHandler
                0x00000000080002e8                GPDMA2_Channel2_IRQHandler
                0x00000000080002e8                EXTI0_IRQHandler
                0x00000000080002e8                I2C2_EV_IRQHandler
                0x00000000080002e8                FPU_IRQHandler
                0x00000000080002e8                GPDMA1_Channel3_IRQHandler
                0x00000000080002e8                GPDMA1_Channel7_IRQHandler
                0x00000000080002e8                FDCAN1_IT1_IRQHandler
                0x00000000080002e8                RAMCFG_IRQHandler
                0x00000000080002e8                SPI1_IRQHandler
                0x00000000080002e8                GPDMA1_Channel2_IRQHandler
                0x00000000080002e8                ADC1_IRQHandler
                0x00000000080002e8                I3C2_ER_IRQHandler
                0x00000000080002e8                EXTI15_IRQHandler
                0x00000000080002e8                USART3_IRQHandler
                0x00000000080002e8                RTC_IRQHandler
                0x00000000080002e8                EXTI9_IRQHandler
                0x00000000080002e8                I3C2_EV_IRQHandler
                0x00000000080002e8                I2C1_EV_IRQHandler
                0x00000000080002e8                GPDMA1_Channel1_IRQHandler
                0x00000000080002e8                TIM3_IRQHandler
                0x00000000080002e8                RCC_IRQHandler
                0x00000000080002e8                TIM1_TRG_COM_IRQHandler
                0x00000000080002e8                Default_Handler
                0x00000000080002e8                GPDMA2_Channel4_IRQHandler
                0x00000000080002e8                TIM7_IRQHandler
                0x00000000080002e8                GPDMA1_Channel0_IRQHandler
                0x00000000080002e8                PVD_AVD_IRQHandler
                0x00000000080002e8                SPI2_IRQHandler
                0x00000000080002e8                EXTI14_IRQHandler
                0x00000000080002e8                EXTI11_IRQHandler
                0x00000000080002e8                CRS_IRQHandler
                0x00000000080002e8                EXTI4_IRQHandler
                0x00000000080002e8                GPDMA2_Channel0_IRQHandler
                0x00000000080002e8                RNG_IRQHandler
                0x00000000080002e8                GPDMA2_Channel6_IRQHandler
                0x00000000080002e8                TIM1_UP_IRQHandler
                0x00000000080002e8                WWDG_IRQHandler
                0x00000000080002e8                IWDG_IRQHandler
                0x00000000080002e8                LPUART1_IRQHandler
                0x00000000080002e8                FDCAN1_IT0_IRQHandler
                0x00000000080002e8                TIM2_IRQHandler
                0x00000000080002e8                GPDMA1_Channel4_IRQHandler
                0x00000000080002e8                EXTI7_IRQHandler
                0x00000000080002e8                TIM1_BRK_IRQHandler
                0x00000000080002e8                EXTI1_IRQHandler
                0x00000000080002e8                DAC1_IRQHandler
                0x00000000080002e8                DTS_IRQHandler
                0x00000000080002e8                GTZC_IRQHandler
                0x00000000080002e8                USART2_IRQHandler
                0x00000000080002e8                GPDMA1_Channel6_IRQHandler
                0x00000000080002e8                GPDMA2_Channel7_IRQHandler
                0x00000000080002e8                I2C2_ER_IRQHandler
                0x00000000080002e8                FLASH_IRQHandler
                0x00000000080002e8                USART1_IRQHandler
                0x00000000080002e8                EXTI10_IRQHandler
                0x00000000080002e8                SPI3_IRQHandler
                0x00000000080002e8                I2C1_ER_IRQHandler
                0x00000000080002e8                EXTI6_IRQHandler
                0x00000000080002e8                COMP1_IRQHandler
                0x00000000080002e8                LPTIM1_IRQHandler
                0x00000000080002e8                ICACHE_IRQHandler
                0x00000000080002e8                HASH_IRQHandler
 .text.BMA530_INIT_I3C
                0x00000000080002ea       0x3e ./Application/User/bma530.o
                0x00000000080002ea                BMA530_INIT_I3C
 .text.I3C_WRITE_REGS
                0x0000000008000328       0xfc ./Application/User/bst_api.o
                0x0000000008000328                I3C_WRITE_REGS
 .text.I3C_READ_REGS
                0x0000000008000424       0xf8 ./Application/User/bst_api.o
                0x0000000008000424                I3C_READ_REGS
 .text.SET_I3C_BUS_FREQ
                0x000000000800051c       0x94 ./Application/User/bst_api.o
                0x000000000800051c                SET_I3C_BUS_FREQ
 .text.CCC_BROADCAST
                0x00000000080005b0       0x84 ./Application/User/bst_api.o
                0x00000000080005b0                CCC_BROADCAST
 .text.CCC_DIRECT_READ
                0x0000000008000634       0x84 ./Application/User/bst_api.o
                0x0000000008000634                CCC_DIRECT_READ
 .text.CCC_DIRECT_WRITE
                0x00000000080006b8       0x84 ./Application/User/bst_api.o
                0x00000000080006b8                CCC_DIRECT_WRITE
 .text.main     0x000000000800073c      0x330 ./Application/User/main.o
                0x000000000800073c                main
 .text.SystemClock_Config
                0x0000000008000a6c       0xd0 ./Application/User/main.o
                0x0000000008000a6c                SystemClock_Config
 .text.MX_I3C1_Init
                0x0000000008000b3c       0xd4 ./Application/User/main.o
 .text.MX_ICACHE_Init
                0x0000000008000c10       0x16 ./Application/User/main.o
 .text.MX_MEMORYMAP_Init
                0x0000000008000c26        0xe ./Application/User/main.o
 .text.MX_GPIO_Init
                0x0000000008000c34       0x54 ./Application/User/main.o
 .text.HAL_I3C_TgtReqDynamicAddrCallback
                0x0000000008000c88       0x48 ./Application/User/main.o
                0x0000000008000c88                HAL_I3C_TgtReqDynamicAddrCallback
 .text.HAL_I3C_CtrlDAACpltCallback
                0x0000000008000cd0       0x16 ./Application/User/main.o
                0x0000000008000cd0                HAL_I3C_CtrlDAACpltCallback
 *fill*         0x0000000008000ce6        0x2 
 .text.HAL_I3C_NotifyCallback
                0x0000000008000ce8       0x2c ./Application/User/main.o
                0x0000000008000ce8                HAL_I3C_NotifyCallback
 .text.Error_Handler
                0x0000000008000d14       0x12 ./Application/User/main.o
                0x0000000008000d14                Error_Handler
 .text.HAL_MspInit
                0x0000000008000d26        0xe ./Application/User/stm32h5xx_hal_msp.o
                0x0000000008000d26                HAL_MspInit
 .text.HAL_I3C_MspInit
                0x0000000008000d34      0x10c ./Application/User/stm32h5xx_hal_msp.o
                0x0000000008000d34                HAL_I3C_MspInit
 .text.NMI_Handler
                0x0000000008000e40        0x6 ./Application/User/stm32h5xx_it.o
                0x0000000008000e40                NMI_Handler
 .text.HardFault_Handler
                0x0000000008000e46        0x6 ./Application/User/stm32h5xx_it.o
                0x0000000008000e46                HardFault_Handler
 .text.MemManage_Handler
                0x0000000008000e4c        0x6 ./Application/User/stm32h5xx_it.o
                0x0000000008000e4c                MemManage_Handler
 .text.BusFault_Handler
                0x0000000008000e52        0x6 ./Application/User/stm32h5xx_it.o
                0x0000000008000e52                BusFault_Handler
 .text.UsageFault_Handler
                0x0000000008000e58        0x6 ./Application/User/stm32h5xx_it.o
                0x0000000008000e58                UsageFault_Handler
 .text.SVC_Handler
                0x0000000008000e5e        0xe ./Application/User/stm32h5xx_it.o
                0x0000000008000e5e                SVC_Handler
 .text.DebugMon_Handler
                0x0000000008000e6c        0xe ./Application/User/stm32h5xx_it.o
                0x0000000008000e6c                DebugMon_Handler
 .text.PendSV_Handler
                0x0000000008000e7a        0xe ./Application/User/stm32h5xx_it.o
                0x0000000008000e7a                PendSV_Handler
 .text.SysTick_Handler
                0x0000000008000e88        0xc ./Application/User/stm32h5xx_it.o
                0x0000000008000e88                SysTick_Handler
 .text.I3C1_EV_IRQHandler
                0x0000000008000e94       0x14 ./Application/User/stm32h5xx_it.o
                0x0000000008000e94                I3C1_EV_IRQHandler
 .text.I3C1_ER_IRQHandler
                0x0000000008000ea8       0x14 ./Application/User/stm32h5xx_it.o
                0x0000000008000ea8                I3C1_ER_IRQHandler
 .text.BSP_LED_Init
                0x0000000008000ebc       0x88 ./Drivers/BSP/STM32H5xx_Nucleo/stm32h5xx_nucleo.o
                0x0000000008000ebc                BSP_LED_Init
 .text.BSP_LED_On
                0x0000000008000f44       0x3c ./Drivers/BSP/STM32H5xx_Nucleo/stm32h5xx_nucleo.o
                0x0000000008000f44                BSP_LED_On
 .text.BSP_LED_Toggle
                0x0000000008000f80       0x3c ./Drivers/BSP/STM32H5xx_Nucleo/stm32h5xx_nucleo.o
                0x0000000008000f80                BSP_LED_Toggle
 .text.BSP_PB_Init
                0x0000000008000fbc       0xf0 ./Drivers/BSP/STM32H5xx_Nucleo/stm32h5xx_nucleo.o
                0x0000000008000fbc                BSP_PB_Init
 .text.BSP_PB_GetState
                0x00000000080010ac       0x2c ./Drivers/BSP/STM32H5xx_Nucleo/stm32h5xx_nucleo.o
                0x00000000080010ac                BSP_PB_GetState
 .text.BSP_PB_Callback
                0x00000000080010d8       0x16 ./Drivers/BSP/STM32H5xx_Nucleo/stm32h5xx_nucleo.o
                0x00000000080010d8                BSP_PB_Callback
 .text.BUTTON_USER_EXTI_Callback
                0x00000000080010ee        0xe ./Drivers/BSP/STM32H5xx_Nucleo/stm32h5xx_nucleo.o
 .text.SystemInit
                0x00000000080010fc       0xe4 ./Drivers/CMSIS/system_stm32h5xx.o
                0x00000000080010fc                SystemInit
 .text.HAL_Init
                0x00000000080011e0       0x4c ./Drivers/STM32H5xx_HAL_Driver/stm32h5xx_hal.o
                0x00000000080011e0                HAL_Init
 .text.HAL_InitTick
                0x000000000800122c       0x6c ./Drivers/STM32H5xx_HAL_Driver/stm32h5xx_hal.o
                0x000000000800122c                HAL_InitTick
 .text.HAL_IncTick
                0x0000000008001298       0x28 ./Drivers/STM32H5xx_HAL_Driver/stm32h5xx_hal.o
                0x0000000008001298                HAL_IncTick
 .text.HAL_GetTick
                0x00000000080012c0       0x18 ./Drivers/STM32H5xx_HAL_Driver/stm32h5xx_hal.o
                0x00000000080012c0                HAL_GetTick
 .text.HAL_Delay
                0x00000000080012d8       0x48 ./Drivers/STM32H5xx_HAL_Driver/stm32h5xx_hal.o
                0x00000000080012d8                HAL_Delay
 .text.__NVIC_SetPriorityGrouping
                0x0000000008001320       0x48 ./Drivers/STM32H5xx_HAL_Driver/stm32h5xx_hal_cortex.o
 .text.__NVIC_GetPriorityGrouping
                0x0000000008001368       0x1c ./Drivers/STM32H5xx_HAL_Driver/stm32h5xx_hal_cortex.o
 .text.__NVIC_EnableIRQ
                0x0000000008001384       0x3c ./Drivers/STM32H5xx_HAL_Driver/stm32h5xx_hal_cortex.o
 .text.__NVIC_SetPriority
                0x00000000080013c0       0x54 ./Drivers/STM32H5xx_HAL_Driver/stm32h5xx_hal_cortex.o
 .text.NVIC_EncodePriority
                0x0000000008001414       0x66 ./Drivers/STM32H5xx_HAL_Driver/stm32h5xx_hal_cortex.o
 *fill*         0x000000000800147a        0x2 
 .text.SysTick_Config
                0x000000000800147c       0x44 ./Drivers/STM32H5xx_HAL_Driver/stm32h5xx_hal_cortex.o
 .text.HAL_NVIC_SetPriorityGrouping
                0x00000000080014c0       0x16 ./Drivers/STM32H5xx_HAL_Driver/stm32h5xx_hal_cortex.o
                0x00000000080014c0                HAL_NVIC_SetPriorityGrouping
 .text.HAL_NVIC_SetPriority
                0x00000000080014d6       0x34 ./Drivers/STM32H5xx_HAL_Driver/stm32h5xx_hal_cortex.o
                0x00000000080014d6                HAL_NVIC_SetPriority
 .text.HAL_NVIC_EnableIRQ
                0x000000000800150a       0x1c ./Drivers/STM32H5xx_HAL_Driver/stm32h5xx_hal_cortex.o
                0x000000000800150a                HAL_NVIC_EnableIRQ
 .text.HAL_SYSTICK_Config
                0x0000000008001526       0x18 ./Drivers/STM32H5xx_HAL_Driver/stm32h5xx_hal_cortex.o
                0x0000000008001526                HAL_SYSTICK_Config
 .text.HAL_DMA_Abort_IT
                0x000000000800153e       0x52 ./Drivers/STM32H5xx_HAL_Driver/stm32h5xx_hal_dma.o
                0x000000000800153e                HAL_DMA_Abort_IT
 .text.HAL_DMA_GetState
                0x0000000008001590       0x1c ./Drivers/STM32H5xx_HAL_Driver/stm32h5xx_hal_dma.o
                0x0000000008001590                HAL_DMA_GetState
 .text.HAL_EXTI_RegisterCallback
                0x00000000080015ac       0x58 ./Drivers/STM32H5xx_HAL_Driver/stm32h5xx_hal_exti.o
                0x00000000080015ac                HAL_EXTI_RegisterCallback
 .text.HAL_EXTI_GetHandle
                0x0000000008001604       0x28 ./Drivers/STM32H5xx_HAL_Driver/stm32h5xx_hal_exti.o
                0x0000000008001604                HAL_EXTI_GetHandle
 .text.HAL_GPIO_Init
                0x000000000800162c      0x2a4 ./Drivers/STM32H5xx_HAL_Driver/stm32h5xx_hal_gpio.o
                0x000000000800162c                HAL_GPIO_Init
 .text.HAL_GPIO_ReadPin
                0x00000000080018d0       0x30 ./Drivers/STM32H5xx_HAL_Driver/stm32h5xx_hal_gpio.o
                0x00000000080018d0                HAL_GPIO_ReadPin
 .text.HAL_GPIO_WritePin
                0x0000000008001900       0x30 ./Drivers/STM32H5xx_HAL_Driver/stm32h5xx_hal_gpio.o
                0x0000000008001900                HAL_GPIO_WritePin
 .text.HAL_GPIO_TogglePin
                0x0000000008001930       0x34 ./Drivers/STM32H5xx_HAL_Driver/stm32h5xx_hal_gpio.o
                0x0000000008001930                HAL_GPIO_TogglePin
 .text.LL_I3C_Enable
                0x0000000008001964       0x20 ./Drivers/STM32H5xx_HAL_Driver/stm32h5xx_hal_i3c.o
 .text.LL_I3C_Disable
                0x0000000008001984       0x20 ./Drivers/STM32H5xx_HAL_Driver/stm32h5xx_hal_i3c.o
 .text.LL_I3C_SetMode
                0x00000000080019a4       0x26 ./Drivers/STM32H5xx_HAL_Driver/stm32h5xx_hal_i3c.o
 .text.LL_I3C_EnableArbitrationHeader
                0x00000000080019ca       0x20 ./Drivers/STM32H5xx_HAL_Driver/stm32h5xx_hal_i3c.o
 .text.LL_I3C_DisableArbitrationHeader
                0x00000000080019ea       0x20 ./Drivers/STM32H5xx_HAL_Driver/stm32h5xx_hal_i3c.o
 .text.LL_I3C_DisableDMAReq_RX
                0x0000000008001a0a       0x20 ./Drivers/STM32H5xx_HAL_Driver/stm32h5xx_hal_i3c.o
 .text.LL_I3C_GetRxFIFOThreshold
                0x0000000008001a2a       0x1c ./Drivers/STM32H5xx_HAL_Driver/stm32h5xx_hal_i3c.o
 .text.LL_I3C_DisableDMAReq_TX
                0x0000000008001a46       0x20 ./Drivers/STM32H5xx_HAL_Driver/stm32h5xx_hal_i3c.o
 .text.LL_I3C_GetTxFIFOThreshold
                0x0000000008001a66       0x1c ./Drivers/STM32H5xx_HAL_Driver/stm32h5xx_hal_i3c.o
 .text.LL_I3C_DisableDMAReq_Control
                0x0000000008001a82       0x20 ./Drivers/STM32H5xx_HAL_Driver/stm32h5xx_hal_i3c.o
 .text.LL_I3C_EnableOwnDynAddress
                0x0000000008001aa2       0x20 ./Drivers/STM32H5xx_HAL_Driver/stm32h5xx_hal_i3c.o
 .text.LL_I3C_IsEnabledOwnDynAddress
                0x0000000008001ac2       0x26 ./Drivers/STM32H5xx_HAL_Driver/stm32h5xx_hal_i3c.o
 .text.LL_I3C_SetOwnDynamicAddress
                0x0000000008001ae8       0x28 ./Drivers/STM32H5xx_HAL_Driver/stm32h5xx_hal_i3c.o
 .text.LL_I3C_GetOwnDynamicAddress
                0x0000000008001b10       0x22 ./Drivers/STM32H5xx_HAL_Driver/stm32h5xx_hal_i3c.o
 .text.LL_I3C_IsEnabledIBI
                0x0000000008001b32       0x28 ./Drivers/STM32H5xx_HAL_Driver/stm32h5xx_hal_i3c.o
 .text.LL_I3C_IsEnabledControllerRoleReq
                0x0000000008001b5a       0x28 ./Drivers/STM32H5xx_HAL_Driver/stm32h5xx_hal_i3c.o
 .text.LL_I3C_IsEnabledHotJoin
                0x0000000008001b82       0x28 ./Drivers/STM32H5xx_HAL_Driver/stm32h5xx_hal_i3c.o
 .text.LL_I3C_GetMaxWriteLength
                0x0000000008001baa       0x1c ./Drivers/STM32H5xx_HAL_Driver/stm32h5xx_hal_i3c.o
 .text.LL_I3C_ConfigClockWaveForm
                0x0000000008001bc6       0x1e ./Drivers/STM32H5xx_HAL_Driver/stm32h5xx_hal_i3c.o
 .text.LL_I3C_SetAvalTiming
                0x0000000008001be4       0x2a ./Drivers/STM32H5xx_HAL_Driver/stm32h5xx_hal_i3c.o
 .text.LL_I3C_SetCtrlBusCharacteristic
                0x0000000008001c0e       0x1e ./Drivers/STM32H5xx_HAL_Driver/stm32h5xx_hal_i3c.o
 .text.LL_I3C_RequestRxFIFOFlush
                0x0000000008001c2c       0x20 ./Drivers/STM32H5xx_HAL_Driver/stm32h5xx_hal_i3c.o
 .text.LL_I3C_RequestTxFIFOFlush
                0x0000000008001c4c       0x20 ./Drivers/STM32H5xx_HAL_Driver/stm32h5xx_hal_i3c.o
 .text.LL_I3C_RequestStatusFIFOFlush
                0x0000000008001c6c       0x20 ./Drivers/STM32H5xx_HAL_Driver/stm32h5xx_hal_i3c.o
 .text.LL_I3C_GetActivityState
                0x0000000008001c8c       0x1c ./Drivers/STM32H5xx_HAL_Driver/stm32h5xx_hal_i3c.o
 .text.LL_I3C_GetResetAction
                0x0000000008001ca8       0x1c ./Drivers/STM32H5xx_HAL_Driver/stm32h5xx_hal_i3c.o
 .text.LL_I3C_RequestControlFIFOFlush
                0x0000000008001cc4       0x20 ./Drivers/STM32H5xx_HAL_Driver/stm32h5xx_hal_i3c.o
 .text.LL_I3C_RequestTransfer
                0x0000000008001ce4       0x20 ./Drivers/STM32H5xx_HAL_Driver/stm32h5xx_hal_i3c.o
 .text.LL_I3C_ControllerHandleCCC
                0x0000000008001d04       0x32 ./Drivers/STM32H5xx_HAL_Driver/stm32h5xx_hal_i3c.o
 .text.LL_I3C_ReceiveData8
                0x0000000008001d36       0x1a ./Drivers/STM32H5xx_HAL_Driver/stm32h5xx_hal_i3c.o
 .text.LL_I3C_TransmitData8
                0x0000000008001d50       0x1e ./Drivers/STM32H5xx_HAL_Driver/stm32h5xx_hal_i3c.o
 .text.LL_I3C_ReceiveData32
                0x0000000008001d6e       0x18 ./Drivers/STM32H5xx_HAL_Driver/stm32h5xx_hal_i3c.o
 .text.LL_I3C_TransmitData32
                0x0000000008001d86       0x1c ./Drivers/STM32H5xx_HAL_Driver/stm32h5xx_hal_i3c.o
 .text.LL_I3C_GetIBIPayload
                0x0000000008001da2       0x18 ./Drivers/STM32H5xx_HAL_Driver/stm32h5xx_hal_i3c.o
 .text.LL_I3C_GetNbIBIAddData
                0x0000000008001dba       0x1c ./Drivers/STM32H5xx_HAL_Driver/stm32h5xx_hal_i3c.o
 .text.LL_I3C_GetIBITargetAddr
                0x0000000008001dd6       0x1e ./Drivers/STM32H5xx_HAL_Driver/stm32h5xx_hal_i3c.o
 .text.LL_I3C_GetMessageErrorCode
                0x0000000008001df4       0x1c ./Drivers/STM32H5xx_HAL_Driver/stm32h5xx_hal_i3c.o
 .text.LL_I3C_IsActiveFlag_PERR
                0x0000000008001e10       0x26 ./Drivers/STM32H5xx_HAL_Driver/stm32h5xx_hal_i3c.o
 .text.LL_I3C_IsActiveFlag_STALL
                0x0000000008001e36       0x26 ./Drivers/STM32H5xx_HAL_Driver/stm32h5xx_hal_i3c.o
 .text.LL_I3C_IsActiveFlag_DOVR
                0x0000000008001e5c       0x26 ./Drivers/STM32H5xx_HAL_Driver/stm32h5xx_hal_i3c.o
 .text.LL_I3C_IsActiveFlag_COVR
                0x0000000008001e82       0x26 ./Drivers/STM32H5xx_HAL_Driver/stm32h5xx_hal_i3c.o
 .text.LL_I3C_IsActiveFlag_ANACK
                0x0000000008001ea8       0x28 ./Drivers/STM32H5xx_HAL_Driver/stm32h5xx_hal_i3c.o
 .text.LL_I3C_IsActiveFlag_DNACK
                0x0000000008001ed0       0x28 ./Drivers/STM32H5xx_HAL_Driver/stm32h5xx_hal_i3c.o
 .text.LL_I3C_IsActiveFlag_DERR
                0x0000000008001ef8       0x28 ./Drivers/STM32H5xx_HAL_Driver/stm32h5xx_hal_i3c.o
 .text.LL_I3C_ClearFlag_FC
                0x0000000008001f20       0x1c ./Drivers/STM32H5xx_HAL_Driver/stm32h5xx_hal_i3c.o
 .text.LL_I3C_ClearFlag_ERR
                0x0000000008001f3c       0x1c ./Drivers/STM32H5xx_HAL_Driver/stm32h5xx_hal_i3c.o
 .text.LL_I3C_ClearFlag_IBI
                0x0000000008001f58       0x1c ./Drivers/STM32H5xx_HAL_Driver/stm32h5xx_hal_i3c.o
 .text.LL_I3C_ClearFlag_CR
                0x0000000008001f74       0x1c ./Drivers/STM32H5xx_HAL_Driver/stm32h5xx_hal_i3c.o
 .text.LL_I3C_ClearFlag_CRUPD
                0x0000000008001f90       0x1c ./Drivers/STM32H5xx_HAL_Driver/stm32h5xx_hal_i3c.o
 .text.LL_I3C_ClearFlag_HJ
                0x0000000008001fac       0x1c ./Drivers/STM32H5xx_HAL_Driver/stm32h5xx_hal_i3c.o
 .text.LL_I3C_ClearFlag_WKP
                0x0000000008001fc8       0x1c ./Drivers/STM32H5xx_HAL_Driver/stm32h5xx_hal_i3c.o
 .text.LL_I3C_ClearFlag_GET
                0x0000000008001fe4       0x1c ./Drivers/STM32H5xx_HAL_Driver/stm32h5xx_hal_i3c.o
 .text.LL_I3C_ClearFlag_STA
                0x0000000008002000       0x1c ./Drivers/STM32H5xx_HAL_Driver/stm32h5xx_hal_i3c.o
 .text.LL_I3C_ClearFlag_DAUPD
                0x000000000800201c       0x1c ./Drivers/STM32H5xx_HAL_Driver/stm32h5xx_hal_i3c.o
 .text.LL_I3C_ClearFlag_MWLUPD
                0x0000000008002038       0x1c ./Drivers/STM32H5xx_HAL_Driver/stm32h5xx_hal_i3c.o
 .text.LL_I3C_ClearFlag_MRLUPD
                0x0000000008002054       0x1c ./Drivers/STM32H5xx_HAL_Driver/stm32h5xx_hal_i3c.o
 .text.LL_I3C_ClearFlag_RST
                0x0000000008002070       0x1c ./Drivers/STM32H5xx_HAL_Driver/stm32h5xx_hal_i3c.o
 .text.LL_I3C_ClearFlag_ASUPD
                0x000000000800208c       0x1c ./Drivers/STM32H5xx_HAL_Driver/stm32h5xx_hal_i3c.o
 .text.LL_I3C_ClearFlag_INTUPD
                0x00000000080020a8       0x1c ./Drivers/STM32H5xx_HAL_Driver/stm32h5xx_hal_i3c.o
 .text.LL_I3C_ClearFlag_DEF
                0x00000000080020c4       0x1c ./Drivers/STM32H5xx_HAL_Driver/stm32h5xx_hal_i3c.o
 .text.LL_I3C_ClearFlag_GRP
                0x00000000080020e0       0x1c ./Drivers/STM32H5xx_HAL_Driver/stm32h5xx_hal_i3c.o
 .text.HAL_I3C_Init
                0x00000000080020fc       0xea ./Drivers/STM32H5xx_HAL_Driver/stm32h5xx_hal_i3c.o
                0x00000000080020fc                HAL_I3C_Init
 *fill*         0x00000000080021e6        0x2 
 .text.HAL_I3C_ActivateNotification
                0x00000000080021e8       0xfc ./Drivers/STM32H5xx_HAL_Driver/stm32h5xx_hal_i3c.o
                0x00000000080021e8                HAL_I3C_ActivateNotification
 .text.HAL_I3C_CtrlTxCpltCallback
                0x00000000080022e4       0x14 ./Drivers/STM32H5xx_HAL_Driver/stm32h5xx_hal_i3c.o
                0x00000000080022e4                HAL_I3C_CtrlTxCpltCallback
 .text.HAL_I3C_CtrlRxCpltCallback
                0x00000000080022f8       0x14 ./Drivers/STM32H5xx_HAL_Driver/stm32h5xx_hal_i3c.o
                0x00000000080022f8                HAL_I3C_CtrlRxCpltCallback
 .text.HAL_I3C_CtrlMultipleXferCpltCallback
                0x000000000800230c       0x14 ./Drivers/STM32H5xx_HAL_Driver/stm32h5xx_hal_i3c.o
                0x000000000800230c                HAL_I3C_CtrlMultipleXferCpltCallback
 .text.HAL_I3C_AbortCpltCallback
                0x0000000008002320       0x14 ./Drivers/STM32H5xx_HAL_Driver/stm32h5xx_hal_i3c.o
                0x0000000008002320                HAL_I3C_AbortCpltCallback
 .text.HAL_I3C_ErrorCallback
                0x0000000008002334       0x14 ./Drivers/STM32H5xx_HAL_Driver/stm32h5xx_hal_i3c.o
                0x0000000008002334                HAL_I3C_ErrorCallback
 .text.HAL_I3C_ER_IRQHandler
                0x0000000008002348       0x56 ./Drivers/STM32H5xx_HAL_Driver/stm32h5xx_hal_i3c.o
                0x0000000008002348                HAL_I3C_ER_IRQHandler
 .text.HAL_I3C_EV_IRQHandler
                0x000000000800239e       0x34 ./Drivers/STM32H5xx_HAL_Driver/stm32h5xx_hal_i3c.o
                0x000000000800239e                HAL_I3C_EV_IRQHandler
 .text.HAL_I3C_Ctrl_BusCharacteristicConfig
                0x00000000080023d2       0xc0 ./Drivers/STM32H5xx_HAL_Driver/stm32h5xx_hal_i3c.o
                0x00000000080023d2                HAL_I3C_Ctrl_BusCharacteristicConfig
 .text.HAL_I3C_SetConfigFifo
                0x0000000008002492       0xa0 ./Drivers/STM32H5xx_HAL_Driver/stm32h5xx_hal_i3c.o
                0x0000000008002492                HAL_I3C_SetConfigFifo
 .text.HAL_I3C_Ctrl_Config
                0x0000000008002532       0xdc ./Drivers/STM32H5xx_HAL_Driver/stm32h5xx_hal_i3c.o
                0x0000000008002532                HAL_I3C_Ctrl_Config
 .text.HAL_I3C_Ctrl_ConfigBusDevices
                0x000000000800260e      0x106 ./Drivers/STM32H5xx_HAL_Driver/stm32h5xx_hal_i3c.o
                0x000000000800260e                HAL_I3C_Ctrl_ConfigBusDevices
 .text.HAL_I3C_AddDescToFrame
                0x0000000008002714      0x120 ./Drivers/STM32H5xx_HAL_Driver/stm32h5xx_hal_i3c.o
                0x0000000008002714                HAL_I3C_AddDescToFrame
 .text.HAL_I3C_Ctrl_TransmitCCC_IT
                0x0000000008002834       0xd0 ./Drivers/STM32H5xx_HAL_Driver/stm32h5xx_hal_i3c.o
                0x0000000008002834                HAL_I3C_Ctrl_TransmitCCC_IT
 .text.HAL_I3C_Ctrl_ReceiveCCC_IT
                0x0000000008002904      0x110 ./Drivers/STM32H5xx_HAL_Driver/stm32h5xx_hal_i3c.o
                0x0000000008002904                HAL_I3C_Ctrl_ReceiveCCC_IT
 .text.HAL_I3C_Ctrl_Transmit_IT
                0x0000000008002a14       0xd8 ./Drivers/STM32H5xx_HAL_Driver/stm32h5xx_hal_i3c.o
                0x0000000008002a14                HAL_I3C_Ctrl_Transmit_IT
 .text.HAL_I3C_Ctrl_MultipleTransfer_IT
                0x0000000008002aec      0x11c ./Drivers/STM32H5xx_HAL_Driver/stm32h5xx_hal_i3c.o
                0x0000000008002aec                HAL_I3C_Ctrl_MultipleTransfer_IT
 .text.HAL_I3C_Ctrl_DynAddrAssign_IT
                0x0000000008002c08       0xa8 ./Drivers/STM32H5xx_HAL_Driver/stm32h5xx_hal_i3c.o
                0x0000000008002c08                HAL_I3C_Ctrl_DynAddrAssign_IT
 .text.HAL_I3C_Ctrl_SetDynAddr
                0x0000000008002cb0       0x48 ./Drivers/STM32H5xx_HAL_Driver/stm32h5xx_hal_i3c.o
                0x0000000008002cb0                HAL_I3C_Ctrl_SetDynAddr
 .text.HAL_I3C_GetState
                0x0000000008002cf8       0x1c ./Drivers/STM32H5xx_HAL_Driver/stm32h5xx_hal_i3c.o
                0x0000000008002cf8                HAL_I3C_GetState
 .text.HAL_I3C_GetCCCInfo
                0x0000000008002d14      0x16e ./Drivers/STM32H5xx_HAL_Driver/stm32h5xx_hal_i3c.o
                0x0000000008002d14                HAL_I3C_GetCCCInfo
 .text.I3C_Tgt_Event_ISR
                0x0000000008002e82      0x20a ./Drivers/STM32H5xx_HAL_Driver/stm32h5xx_hal_i3c.o
 .text.I3C_Ctrl_Event_ISR
                0x000000000800308c       0x94 ./Drivers/STM32H5xx_HAL_Driver/stm32h5xx_hal_i3c.o
 .text.I3C_Ctrl_Tx_ISR
                0x0000000008003120       0xc0 ./Drivers/STM32H5xx_HAL_Driver/stm32h5xx_hal_i3c.o
 .text.I3C_Ctrl_Rx_ISR
                0x00000000080031e0       0xe6 ./Drivers/STM32H5xx_HAL_Driver/stm32h5xx_hal_i3c.o
 .text.I3C_Ctrl_Multiple_Xfer_ISR
                0x00000000080032c6       0xe8 ./Drivers/STM32H5xx_HAL_Driver/stm32h5xx_hal_i3c.o
 .text.I3C_Ctrl_DAA_ISR
                0x00000000080033ae      0x168 ./Drivers/STM32H5xx_HAL_Driver/stm32h5xx_hal_i3c.o
 .text.I3C_DMAAbort
                0x0000000008003516       0x4c ./Drivers/STM32H5xx_HAL_Driver/stm32h5xx_hal_i3c.o
 .text.I3C_TransmitByteTreatment
                0x0000000008003562       0x50 ./Drivers/STM32H5xx_HAL_Driver/stm32h5xx_hal_i3c.o
 .text.I3C_TransmitWordTreatment
                0x00000000080035b2       0x5e ./Drivers/STM32H5xx_HAL_Driver/stm32h5xx_hal_i3c.o
 .text.I3C_ReceiveByteTreatment
                0x0000000008003610       0x4a ./Drivers/STM32H5xx_HAL_Driver/stm32h5xx_hal_i3c.o
 .text.I3C_ReceiveWordTreatment
                0x000000000800365a       0x5e ./Drivers/STM32H5xx_HAL_Driver/stm32h5xx_hal_i3c.o
 .text.I3C_ControlDataTreatment
                0x00000000080036b8       0x44 ./Drivers/STM32H5xx_HAL_Driver/stm32h5xx_hal_i3c.o
 .text.I3C_StateUpdate
                0x00000000080036fc       0x58 ./Drivers/STM32H5xx_HAL_Driver/stm32h5xx_hal_i3c.o
 .text.I3C_GetErrorSources
                0x0000000008003754       0xfa ./Drivers/STM32H5xx_HAL_Driver/stm32h5xx_hal_i3c.o
 .text.I3C_Xfer_PriorPreparation
                0x000000000800384e      0x2ea ./Drivers/STM32H5xx_HAL_Driver/stm32h5xx_hal_i3c.o
 .text.I3C_FillTxBuffer_CCC
                0x0000000008003b38       0x58 ./Drivers/STM32H5xx_HAL_Driver/stm32h5xx_hal_i3c.o
 .text.I3C_FillTxBuffer_Private
                0x0000000008003b90       0x5e ./Drivers/STM32H5xx_HAL_Driver/stm32h5xx_hal_i3c.o
 .text.I3C_ControlBuffer_PriorPreparation
                0x0000000008003bee      0x394 ./Drivers/STM32H5xx_HAL_Driver/stm32h5xx_hal_i3c.o
 .text.I3C_Enable_IRQ
                0x0000000008003f82      0x110 ./Drivers/STM32H5xx_HAL_Driver/stm32h5xx_hal_i3c.o
 .text.I3C_Disable_IRQ
                0x0000000008004092       0xfc ./Drivers/STM32H5xx_HAL_Driver/stm32h5xx_hal_i3c.o
 *fill*         0x000000000800418e        0x2 
 .text.I3C_ErrorTreatment
                0x0000000008004190      0x188 ./Drivers/STM32H5xx_HAL_Driver/stm32h5xx_hal_i3c.o
 .text.I3C_TreatErrorCallback
                0x0000000008004318       0x36 ./Drivers/STM32H5xx_HAL_Driver/stm32h5xx_hal_i3c.o
 *fill*         0x000000000800434e        0x2 
 .text.HAL_ICACHE_Enable
                0x0000000008004350       0x20 ./Drivers/STM32H5xx_HAL_Driver/stm32h5xx_hal_icache.o
                0x0000000008004350                HAL_ICACHE_Enable
 .text.HAL_RCC_OscConfig
                0x0000000008004370      0x870 ./Drivers/STM32H5xx_HAL_Driver/stm32h5xx_hal_rcc.o
                0x0000000008004370                HAL_RCC_OscConfig
 .text.HAL_RCC_ClockConfig
                0x0000000008004be0      0x370 ./Drivers/STM32H5xx_HAL_Driver/stm32h5xx_hal_rcc.o
                0x0000000008004be0                HAL_RCC_ClockConfig
 .text.HAL_RCC_GetSysClockFreq
                0x0000000008004f50      0x258 ./Drivers/STM32H5xx_HAL_Driver/stm32h5xx_hal_rcc.o
                0x0000000008004f50                HAL_RCC_GetSysClockFreq
 .text.HAL_RCC_GetHCLKFreq
                0x00000000080051a8       0x38 ./Drivers/STM32H5xx_HAL_Driver/stm32h5xx_hal_rcc.o
                0x00000000080051a8                HAL_RCC_GetHCLKFreq
 .text.HAL_RCCEx_PeriphCLKConfig
                0x00000000080051e0      0xc48 ./Drivers/STM32H5xx_HAL_Driver/stm32h5xx_hal_rcc_ex.o
                0x00000000080051e0                HAL_RCCEx_PeriphCLKConfig
 .text.RCCEx_PLL2_Config
                0x0000000008005e28      0x130 ./Drivers/STM32H5xx_HAL_Driver/stm32h5xx_hal_rcc_ex.o
 .text.memset   0x0000000008005f58       0x10 C:/ST/STM32CubeIDE_1.13.2/STM32CubeIDE/plugins/com.st.stm32cube.ide.mcu.externaltools.gnu-tools-for-stm32.11.3.rel1.win32_1.1.1.202309131626/tools/bin/../lib/gcc/arm-none-eabi/11.3.1/../../../../arm-none-eabi/lib/thumb/v8-m.main+fp/hard\libc_nano.a(libc_a-memset.o)
                0x0000000008005f58                memset
 .text.__libc_init_array
                0x0000000008005f68       0x48 C:/ST/STM32CubeIDE_1.13.2/STM32CubeIDE/plugins/com.st.stm32cube.ide.mcu.externaltools.gnu-tools-for-stm32.11.3.rel1.win32_1.1.1.202309131626/tools/bin/../lib/gcc/arm-none-eabi/11.3.1/../../../../arm-none-eabi/lib/thumb/v8-m.main+fp/hard\libc_nano.a(libc_a-init.o)
                0x0000000008005f68                __libc_init_array
 *(.glue_7)
 .glue_7        0x0000000008005fb0        0x0 linker stubs
 *(.glue_7t)
 .glue_7t       0x0000000008005fb0        0x0 linker stubs
 *(.eh_frame)
 .eh_frame      0x0000000008005fb0        0x0 C:/ST/STM32CubeIDE_1.13.2/STM32CubeIDE/plugins/com.st.stm32cube.ide.mcu.externaltools.gnu-tools-for-stm32.11.3.rel1.win32_1.1.1.202309131626/tools/bin/../lib/gcc/arm-none-eabi/11.3.1/thumb/v8-m.main+fp/hard/crtbegin.o
 *(.init)
 .init          0x0000000008005fb0        0x4 C:/ST/STM32CubeIDE_1.13.2/STM32CubeIDE/plugins/com.st.stm32cube.ide.mcu.externaltools.gnu-tools-for-stm32.11.3.rel1.win32_1.1.1.202309131626/tools/bin/../lib/gcc/arm-none-eabi/11.3.1/thumb/v8-m.main+fp/hard/crti.o
                0x0000000008005fb0                _init
 .init          0x0000000008005fb4        0x8 C:/ST/STM32CubeIDE_1.13.2/STM32CubeIDE/plugins/com.st.stm32cube.ide.mcu.externaltools.gnu-tools-for-stm32.11.3.rel1.win32_1.1.1.202309131626/tools/bin/../lib/gcc/arm-none-eabi/11.3.1/thumb/v8-m.main+fp/hard/crtn.o
 *(.fini)
 .fini          0x0000000008005fbc        0x4 C:/ST/STM32CubeIDE_1.13.2/STM32CubeIDE/plugins/com.st.stm32cube.ide.mcu.externaltools.gnu-tools-for-stm32.11.3.rel1.win32_1.1.1.202309131626/tools/bin/../lib/gcc/arm-none-eabi/11.3.1/thumb/v8-m.main+fp/hard/crti.o
                0x0000000008005fbc                _fini
 .fini          0x0000000008005fc0        0x8 C:/ST/STM32CubeIDE_1.13.2/STM32CubeIDE/plugins/com.st.stm32cube.ide.mcu.externaltools.gnu-tools-for-stm32.11.3.rel1.win32_1.1.1.202309131626/tools/bin/../lib/gcc/arm-none-eabi/11.3.1/thumb/v8-m.main+fp/hard/crtn.o
                0x0000000008005fc8                . = ALIGN (0x4)
                0x0000000008005fc8                _etext = .

.vfp11_veneer   0x0000000008005fc8        0x0
 .vfp11_veneer  0x0000000008005fc8        0x0 linker stubs

.v4_bx          0x0000000008005fc8        0x0
 .v4_bx         0x0000000008005fc8        0x0 linker stubs

.iplt           0x0000000008005fc8        0x0
 .iplt          0x0000000008005fc8        0x0 C:/ST/STM32CubeIDE_1.13.2/STM32CubeIDE/plugins/com.st.stm32cube.ide.mcu.externaltools.gnu-tools-for-stm32.11.3.rel1.win32_1.1.1.202309131626/tools/bin/../lib/gcc/arm-none-eabi/11.3.1/thumb/v8-m.main+fp/hard/crtbegin.o

.rodata         0x0000000008005fc8       0x2c
                0x0000000008005fc8                . = ALIGN (0x4)
 *(.rodata)
 .rodata        0x0000000008005fc8       0x17 ./Application/User/main.o
 *(.rodata*)
 *fill*         0x0000000008005fdf        0x1 
 .rodata.BUTTON_EXTI_LINE.2
                0x0000000008005fe0        0x4 ./Drivers/BSP/STM32H5xx_Nucleo/stm32h5xx_nucleo.o
 .rodata.AHBPrescTable
                0x0000000008005fe4       0x10 ./Drivers/CMSIS/system_stm32h5xx.o
                0x0000000008005fe4                AHBPrescTable
                0x0000000008005ff4                . = ALIGN (0x4)

.rel.dyn        0x0000000008005ff4        0x0
 .rel.iplt      0x0000000008005ff4        0x0 C:/ST/STM32CubeIDE_1.13.2/STM32CubeIDE/plugins/com.st.stm32cube.ide.mcu.externaltools.gnu-tools-for-stm32.11.3.rel1.win32_1.1.1.202309131626/tools/bin/../lib/gcc/arm-none-eabi/11.3.1/thumb/v8-m.main+fp/hard/crtbegin.o

.ARM.extab      0x0000000008005ff4        0x0
                0x0000000008005ff4                . = ALIGN (0x4)
 *(.ARM.extab* .gnu.linkonce.armextab.*)
                0x0000000008005ff4                . = ALIGN (0x4)

.ARM            0x0000000008005ff4        0x0
                0x0000000008005ff4                . = ALIGN (0x4)
                0x0000000008005ff4                __exidx_start = .
 *(.ARM.exidx*)
                0x0000000008005ff4                __exidx_end = .
                0x0000000008005ff4                . = ALIGN (0x4)

.preinit_array  0x0000000008005ff4        0x0
                0x0000000008005ff4                . = ALIGN (0x4)
                0x0000000008005ff4                PROVIDE (__preinit_array_start = .)
 *(.preinit_array*)
                0x0000000008005ff4                PROVIDE (__preinit_array_end = .)
                0x0000000008005ff4                . = ALIGN (0x4)

.init_array     0x0000000008005ff4        0x4
                0x0000000008005ff4                . = ALIGN (0x4)
                0x0000000008005ff4                PROVIDE (__init_array_start = .)
 *(SORT_BY_NAME(.init_array.*))
 *(.init_array*)
 .init_array    0x0000000008005ff4        0x4 C:/ST/STM32CubeIDE_1.13.2/STM32CubeIDE/plugins/com.st.stm32cube.ide.mcu.externaltools.gnu-tools-for-stm32.11.3.rel1.win32_1.1.1.202309131626/tools/bin/../lib/gcc/arm-none-eabi/11.3.1/thumb/v8-m.main+fp/hard/crtbegin.o
                0x0000000008005ff8                PROVIDE (__init_array_end = .)
                0x0000000008005ff8                . = ALIGN (0x4)

.fini_array     0x0000000008005ff8        0x4
                0x0000000008005ff8                . = ALIGN (0x4)
                [!provide]                        PROVIDE (__fini_array_start = .)
 *(SORT_BY_NAME(.fini_array.*))
 *(.fini_array*)
 .fini_array    0x0000000008005ff8        0x4 C:/ST/STM32CubeIDE_1.13.2/STM32CubeIDE/plugins/com.st.stm32cube.ide.mcu.externaltools.gnu-tools-for-stm32.11.3.rel1.win32_1.1.1.202309131626/tools/bin/../lib/gcc/arm-none-eabi/11.3.1/thumb/v8-m.main+fp/hard/crtbegin.o
                [!provide]                        PROVIDE (__fini_array_end = .)
                0x0000000008005ffc                . = ALIGN (0x4)
                0x0000000008005ffc                _sidata = LOADADDR (.data)

.data           0x0000000020000000       0x54 load address 0x0000000008005ffc
                0x0000000020000000                . = ALIGN (0x4)
                0x0000000020000000                _sdata = .
 *(.data)
 *(.data*)
 .data.TargetDesc1
                0x0000000020000000       0x18 ./Application/User/main.o
                0x0000000020000000                TargetDesc1
 .data.TargetDesc2
                0x0000000020000018       0x18 ./Application/User/main.o
                0x0000000020000018                TargetDesc2
 .data.aTargetDesc
                0x0000000020000030        0x8 ./Application/User/main.o
                0x0000000020000030                aTargetDesc
 .data.LED_PORT
                0x0000000020000038        0x4 ./Drivers/BSP/STM32H5xx_Nucleo/stm32h5xx_nucleo.o
 .data.BUTTON_PORT
                0x000000002000003c        0x4 ./Drivers/BSP/STM32H5xx_Nucleo/stm32h5xx_nucleo.o
 .data.ButtonCallback.1
                0x0000000020000040        0x4 ./Drivers/BSP/STM32H5xx_Nucleo/stm32h5xx_nucleo.o
 .data.BSP_BUTTON_PRIO.0
                0x0000000020000044        0x4 ./Drivers/BSP/STM32H5xx_Nucleo/stm32h5xx_nucleo.o
 .data.SystemCoreClock
                0x0000000020000048        0x4 ./Drivers/CMSIS/system_stm32h5xx.o
                0x0000000020000048                SystemCoreClock
 .data.uwTickPrio
                0x000000002000004c        0x4 ./Drivers/STM32H5xx_HAL_Driver/stm32h5xx_hal.o
                0x000000002000004c                uwTickPrio
 .data.uwTickFreq
                0x0000000020000050        0x1 ./Drivers/STM32H5xx_HAL_Driver/stm32h5xx_hal.o
                0x0000000020000050                uwTickFreq
 *(.RamFunc)
 *(.RamFunc*)
                0x0000000020000054                . = ALIGN (0x4)
 *fill*         0x0000000020000051        0x3 
                0x0000000020000054                _edata = .

.igot.plt       0x0000000020000054        0x0 load address 0x0000000008006050
 .igot.plt      0x0000000020000054        0x0 C:/ST/STM32CubeIDE_1.13.2/STM32CubeIDE/plugins/com.st.stm32cube.ide.mcu.externaltools.gnu-tools-for-stm32.11.3.rel1.win32_1.1.1.202309131626/tools/bin/../lib/gcc/arm-none-eabi/11.3.1/thumb/v8-m.main+fp/hard/crtbegin.o
                0x0000000020000054                . = ALIGN (0x4)

.bss            0x0000000020000054      0x398 load address 0x0000000008006050
                0x0000000020000054                _sbss = .
                0x0000000020000054                __bss_start__ = _sbss
 *(.bss)
 .bss           0x0000000020000054       0x1c C:/ST/STM32CubeIDE_1.13.2/STM32CubeIDE/plugins/com.st.stm32cube.ide.mcu.externaltools.gnu-tools-for-stm32.11.3.rel1.win32_1.1.1.202309131626/tools/bin/../lib/gcc/arm-none-eabi/11.3.1/thumb/v8-m.main+fp/hard/crtbegin.o
 *(.bss*)
 .bss.DeviceConf
                0x0000000020000070       0x18 ./Application/User/main.o
                0x0000000020000070                DeviceConf
 .bss.uwTargetCount
                0x0000000020000088        0x4 ./Application/User/main.o
                0x0000000020000088                uwTargetCount
 .bss.uwIBIRequested
                0x000000002000008c        0x4 ./Application/User/main.o
                0x000000002000008c                uwIBIRequested
 *(COMMON)
 COMMON         0x0000000020000090      0x23d ./Application/User/bst_api.o
                0x0000000020000090                aContextBuffers
                0x00000000200000d0                aContextBuffers_CCC
                0x0000000020000170                aControlBuffer_CCC
                0x00000000200001ac                aControlBuffer
                0x00000000200001e8                aTxBuffer_CCC
                0x00000000200001ec                Regbuff
                0x0000000020000230                aRxBuffer
                0x0000000020000274                CtrlBusConf
                0x0000000020000284                aTxBuffer
                0x00000000200002c8                aRxBuffer_CCC
 *fill*         0x00000000200002cd        0x3 
 COMMON         0x00000000200002d0      0x10c ./Application/User/main.o
                0x00000000200002d0                CCCInfo
                0x0000000020000300                hi3c1
                0x0000000020000358                ubTargetIndex
                0x000000002000035c                aPayloadBuffer
 COMMON         0x00000000200003dc        0xc ./Drivers/BSP/STM32H5xx_Nucleo/stm32h5xx_nucleo.o
                0x00000000200003dc                hpb_exti
 COMMON         0x00000000200003e8        0x4 ./Drivers/STM32H5xx_HAL_Driver/stm32h5xx_hal.o
                0x00000000200003e8                uwTick
                0x00000000200003ec                . = ALIGN (0x4)
                0x00000000200003ec                _ebss = .
                0x00000000200003ec                __bss_end__ = _ebss

._user_heap_stack
                0x00000000200003ec      0x604 load address 0x0000000008006050
                0x00000000200003f0                . = ALIGN (0x8)
 *fill*         0x00000000200003ec        0x4 
                [!provide]                        PROVIDE (end = .)
                0x00000000200003f0                PROVIDE (_end = .)
                0x00000000200005f0                . = (. + _Min_Heap_Size)
 *fill*         0x00000000200003f0      0x200 
                0x00000000200009f0                . = (. + _Min_Stack_Size)
 *fill*         0x00000000200005f0      0x400 
                0x00000000200009f0                . = ALIGN (0x8)

/DISCARD/
 libc.a(*)
 libm.a(*)
 libgcc.a(*)

.ARM.attributes
                0x0000000000000000       0x36
 *(.ARM.attributes)
 .ARM.attributes
                0x0000000000000000       0x22 C:/ST/STM32CubeIDE_1.13.2/STM32CubeIDE/plugins/com.st.stm32cube.ide.mcu.externaltools.gnu-tools-for-stm32.11.3.rel1.win32_1.1.1.202309131626/tools/bin/../lib/gcc/arm-none-eabi/11.3.1/thumb/v8-m.main+fp/hard/crti.o
 .ARM.attributes
                0x0000000000000022       0x38 C:/ST/STM32CubeIDE_1.13.2/STM32CubeIDE/plugins/com.st.stm32cube.ide.mcu.externaltools.gnu-tools-for-stm32.11.3.rel1.win32_1.1.1.202309131626/tools/bin/../lib/gcc/arm-none-eabi/11.3.1/thumb/v8-m.main+fp/hard/crtbegin.o
 .ARM.attributes
                0x000000000000005a       0x24 ./Application/Startup/startup_stm32h503rbtx.o
 .ARM.attributes
                0x000000000000007e       0x3a ./Application/User/bma530.o
 .ARM.attributes
                0x00000000000000b8       0x3a ./Application/User/bst_api.o
 .ARM.attributes
                0x00000000000000f2       0x3a ./Application/User/main.o
 .ARM.attributes
                0x000000000000012c       0x3a ./Application/User/stm32h5xx_hal_msp.o
 .ARM.attributes
                0x0000000000000166       0x3a ./Application/User/stm32h5xx_it.o
 .ARM.attributes
                0x00000000000001a0       0x3a ./Drivers/BSP/STM32H5xx_Nucleo/stm32h5xx_nucleo.o
 .ARM.attributes
                0x00000000000001da       0x3a ./Drivers/CMSIS/system_stm32h5xx.o
 .ARM.attributes
                0x0000000000000214       0x3a ./Drivers/STM32H5xx_HAL_Driver/stm32h5xx_hal.o
 .ARM.attributes
                0x000000000000024e       0x3a ./Drivers/STM32H5xx_HAL_Driver/stm32h5xx_hal_cortex.o
 .ARM.attributes
                0x0000000000000288       0x3a ./Drivers/STM32H5xx_HAL_Driver/stm32h5xx_hal_dma.o
 .ARM.attributes
                0x00000000000002c2       0x3a ./Drivers/STM32H5xx_HAL_Driver/stm32h5xx_hal_exti.o
 .ARM.attributes
                0x00000000000002fc       0x3a ./Drivers/STM32H5xx_HAL_Driver/stm32h5xx_hal_gpio.o
 .ARM.attributes
                0x0000000000000336       0x3a ./Drivers/STM32H5xx_HAL_Driver/stm32h5xx_hal_i3c.o
 .ARM.attributes
                0x0000000000000370       0x3a ./Drivers/STM32H5xx_HAL_Driver/stm32h5xx_hal_icache.o
 .ARM.attributes
                0x00000000000003aa       0x3a ./Drivers/STM32H5xx_HAL_Driver/stm32h5xx_hal_rcc.o
 .ARM.attributes
                0x00000000000003e4       0x3a ./Drivers/STM32H5xx_HAL_Driver/stm32h5xx_hal_rcc_ex.o
 .ARM.attributes
                0x000000000000041e       0x38 C:/ST/STM32CubeIDE_1.13.2/STM32CubeIDE/plugins/com.st.stm32cube.ide.mcu.externaltools.gnu-tools-for-stm32.11.3.rel1.win32_1.1.1.202309131626/tools/bin/../lib/gcc/arm-none-eabi/11.3.1/../../../../arm-none-eabi/lib/thumb/v8-m.main+fp/hard\libc_nano.a(libc_a-memset.o)
 .ARM.attributes
                0x0000000000000456       0x38 C:/ST/STM32CubeIDE_1.13.2/STM32CubeIDE/plugins/com.st.stm32cube.ide.mcu.externaltools.gnu-tools-for-stm32.11.3.rel1.win32_1.1.1.202309131626/tools/bin/../lib/gcc/arm-none-eabi/11.3.1/../../../../arm-none-eabi/lib/thumb/v8-m.main+fp/hard\libc_nano.a(libc_a-init.o)
 .ARM.attributes
                0x000000000000048e       0x22 C:/ST/STM32CubeIDE_1.13.2/STM32CubeIDE/plugins/com.st.stm32cube.ide.mcu.externaltools.gnu-tools-for-stm32.11.3.rel1.win32_1.1.1.202309131626/tools/bin/../lib/gcc/arm-none-eabi/11.3.1/thumb/v8-m.main+fp/hard/crtn.o
OUTPUT(I3C_Controller_InBandInterrupt_IT.elf elf32-littlearm)
LOAD linker stubs
LOAD C:/ST/STM32CubeIDE_1.13.2/STM32CubeIDE/plugins/com.st.stm32cube.ide.mcu.externaltools.gnu-tools-for-stm32.11.3.rel1.win32_1.1.1.202309131626/tools/bin/../lib/gcc/arm-none-eabi/11.3.1/../../../../arm-none-eabi/lib/thumb/v8-m.main+fp/hard\libc.a
LOAD C:/ST/STM32CubeIDE_1.13.2/STM32CubeIDE/plugins/com.st.stm32cube.ide.mcu.externaltools.gnu-tools-for-stm32.11.3.rel1.win32_1.1.1.202309131626/tools/bin/../lib/gcc/arm-none-eabi/11.3.1/../../../../arm-none-eabi/lib/thumb/v8-m.main+fp/hard\libm.a
LOAD C:/ST/STM32CubeIDE_1.13.2/STM32CubeIDE/plugins/com.st.stm32cube.ide.mcu.externaltools.gnu-tools-for-stm32.11.3.rel1.win32_1.1.1.202309131626/tools/bin/../lib/gcc/arm-none-eabi/11.3.1/thumb/v8-m.main+fp/hard\libgcc.a

.comment        0x0000000000000000       0x43
 .comment       0x0000000000000000       0x43 C:/ST/STM32CubeIDE_1.13.2/STM32CubeIDE/plugins/com.st.stm32cube.ide.mcu.externaltools.gnu-tools-for-stm32.11.3.rel1.win32_1.1.1.202309131626/tools/bin/../lib/gcc/arm-none-eabi/11.3.1/thumb/v8-m.main+fp/hard/crtbegin.o
                                         0x44 (size before relaxing)
 .comment       0x0000000000000043       0x44 ./Application/User/bma530.o
 .comment       0x0000000000000043       0x44 ./Application/User/bst_api.o
 .comment       0x0000000000000043       0x44 ./Application/User/main.o
 .comment       0x0000000000000043       0x44 ./Application/User/stm32h5xx_hal_msp.o
 .comment       0x0000000000000043       0x44 ./Application/User/stm32h5xx_it.o
 .comment       0x0000000000000043       0x44 ./Drivers/BSP/STM32H5xx_Nucleo/stm32h5xx_nucleo.o
 .comment       0x0000000000000043       0x44 ./Drivers/CMSIS/system_stm32h5xx.o
 .comment       0x0000000000000043       0x44 ./Drivers/STM32H5xx_HAL_Driver/stm32h5xx_hal.o
 .comment       0x0000000000000043       0x44 ./Drivers/STM32H5xx_HAL_Driver/stm32h5xx_hal_cortex.o
 .comment       0x0000000000000043       0x44 ./Drivers/STM32H5xx_HAL_Driver/stm32h5xx_hal_dma.o
 .comment       0x0000000000000043       0x44 ./Drivers/STM32H5xx_HAL_Driver/stm32h5xx_hal_exti.o
 .comment       0x0000000000000043       0x44 ./Drivers/STM32H5xx_HAL_Driver/stm32h5xx_hal_gpio.o
 .comment       0x0000000000000043       0x44 ./Drivers/STM32H5xx_HAL_Driver/stm32h5xx_hal_i3c.o
 .comment       0x0000000000000043       0x44 ./Drivers/STM32H5xx_HAL_Driver/stm32h5xx_hal_icache.o
 .comment       0x0000000000000043       0x44 ./Drivers/STM32H5xx_HAL_Driver/stm32h5xx_hal_rcc.o
 .comment       0x0000000000000043       0x44 ./Drivers/STM32H5xx_HAL_Driver/stm32h5xx_hal_rcc_ex.o

.debug_line     0x0000000000000000    0x11531
 .debug_line    0x0000000000000000       0x77 ./Application/Startup/startup_stm32h503rbtx.o
 .debug_line    0x0000000000000077      0x8f1 ./Application/User/bma530.o
 .debug_line    0x0000000000000968      0xae3 ./Application/User/bst_api.o
 .debug_line    0x000000000000144b      0xc25 ./Application/User/main.o
 .debug_line    0x0000000000002070      0x9a7 ./Application/User/stm32h5xx_hal_msp.o
 .debug_line    0x0000000000002a17      0xa2f ./Application/User/stm32h5xx_it.o
 .debug_line    0x0000000000003446      0xb56 ./Drivers/BSP/STM32H5xx_Nucleo/stm32h5xx_nucleo.o
 .debug_line    0x0000000000003f9c      0xa1f ./Drivers/CMSIS/system_stm32h5xx.o
 .debug_line    0x00000000000049bb      0xe4b ./Drivers/STM32H5xx_HAL_Driver/stm32h5xx_hal.o
 .debug_line    0x0000000000005806      0xefc ./Drivers/STM32H5xx_HAL_Driver/stm32h5xx_hal_cortex.o
 .debug_line    0x0000000000006702     0x1186 ./Drivers/STM32H5xx_HAL_Driver/stm32h5xx_hal_dma.o
 .debug_line    0x0000000000007888      0xd09 ./Drivers/STM32H5xx_HAL_Driver/stm32h5xx_hal_exti.o
 .debug_line    0x0000000000008591      0xc9c ./Drivers/STM32H5xx_HAL_Driver/stm32h5xx_hal_gpio.o
 .debug_line    0x000000000000922d     0x4951 ./Drivers/STM32H5xx_HAL_Driver/stm32h5xx_hal_i3c.o
 .debug_line    0x000000000000db7e      0xb0b ./Drivers/STM32H5xx_HAL_Driver/stm32h5xx_hal_icache.o
 .debug_line    0x000000000000e689     0x12af ./Drivers/STM32H5xx_HAL_Driver/stm32h5xx_hal_rcc.o
 .debug_line    0x000000000000f938     0x1bf9 ./Drivers/STM32H5xx_HAL_Driver/stm32h5xx_hal_rcc_ex.o

.debug_line_str
                0x0000000000000000       0xa9
 .debug_line_str
                0x0000000000000000       0xa9 ./Application/Startup/startup_stm32h503rbtx.o
                                         0xc1 (size before relaxing)

.debug_info     0x0000000000000000    0x1176c
 .debug_info    0x0000000000000000       0x23 ./Application/Startup/startup_stm32h503rbtx.o
 .debug_info    0x0000000000000023      0xbfd ./Application/User/bma530.o
 .debug_info    0x0000000000000c20     0x103c ./Application/User/bst_api.o
 .debug_info    0x0000000000001c5c     0x1b96 ./Application/User/main.o
 .debug_info    0x00000000000037f2     0x15fb ./Application/User/stm32h5xx_hal_msp.o
 .debug_info    0x0000000000004ded      0xc7a ./Application/User/stm32h5xx_it.o
 .debug_info    0x0000000000005a67      0xdfd ./Drivers/BSP/STM32H5xx_Nucleo/stm32h5xx_nucleo.o
 .debug_info    0x0000000000006864      0xc0b ./Drivers/CMSIS/system_stm32h5xx.o
 .debug_info    0x000000000000746f     0x1031 ./Drivers/STM32H5xx_HAL_Driver/stm32h5xx_hal.o
 .debug_info    0x00000000000084a0     0x14c8 ./Drivers/STM32H5xx_HAL_Driver/stm32h5xx_hal_cortex.o
 .debug_info    0x0000000000009968      0xa85 ./Drivers/STM32H5xx_HAL_Driver/stm32h5xx_hal_dma.o
 .debug_info    0x000000000000a3ed      0x7b7 ./Drivers/STM32H5xx_HAL_Driver/stm32h5xx_hal_exti.o
 .debug_info    0x000000000000aba4      0x6aa ./Drivers/STM32H5xx_HAL_Driver/stm32h5xx_hal_gpio.o
 .debug_info    0x000000000000b24e     0x4263 ./Drivers/STM32H5xx_HAL_Driver/stm32h5xx_hal_i3c.o
 .debug_info    0x000000000000f4b1      0x38a ./Drivers/STM32H5xx_HAL_Driver/stm32h5xx_hal_icache.o
 .debug_info    0x000000000000f83b      0xfdf ./Drivers/STM32H5xx_HAL_Driver/stm32h5xx_hal_rcc.o
 .debug_info    0x000000000001081a      0xf52 ./Drivers/STM32H5xx_HAL_Driver/stm32h5xx_hal_rcc_ex.o

.debug_abbrev   0x0000000000000000     0x2345
 .debug_abbrev  0x0000000000000000       0x12 ./Application/Startup/startup_stm32h503rbtx.o
 .debug_abbrev  0x0000000000000012      0x1a4 ./Application/User/bma530.o
 .debug_abbrev  0x00000000000001b6      0x245 ./Application/User/bst_api.o
 .debug_abbrev  0x00000000000003fb      0x2f5 ./Application/User/main.o
 .debug_abbrev  0x00000000000006f0      0x213 ./Application/User/stm32h5xx_hal_msp.o
 .debug_abbrev  0x0000000000000903      0x1b2 ./Application/User/stm32h5xx_it.o
 .debug_abbrev  0x0000000000000ab5      0x2b9 ./Drivers/BSP/STM32H5xx_Nucleo/stm32h5xx_nucleo.o
 .debug_abbrev  0x0000000000000d6e      0x13a ./Drivers/CMSIS/system_stm32h5xx.o
 .debug_abbrev  0x0000000000000ea8      0x299 ./Drivers/STM32H5xx_HAL_Driver/stm32h5xx_hal.o
 .debug_abbrev  0x0000000000001141      0x30d ./Drivers/STM32H5xx_HAL_Driver/stm32h5xx_hal_cortex.o
 .debug_abbrev  0x000000000000144e      0x1ff ./Drivers/STM32H5xx_HAL_Driver/stm32h5xx_hal_dma.o
 .debug_abbrev  0x000000000000164d      0x1b5 ./Drivers/STM32H5xx_HAL_Driver/stm32h5xx_hal_exti.o
 .debug_abbrev  0x0000000000001802      0x1db ./Drivers/STM32H5xx_HAL_Driver/stm32h5xx_hal_gpio.o
 .debug_abbrev  0x00000000000019dd      0x29a ./Drivers/STM32H5xx_HAL_Driver/stm32h5xx_hal_i3c.o
 .debug_abbrev  0x0000000000001c77      0x1e4 ./Drivers/STM32H5xx_HAL_Driver/stm32h5xx_hal_icache.o
 .debug_abbrev  0x0000000000001e5b      0x28e ./Drivers/STM32H5xx_HAL_Driver/stm32h5xx_hal_rcc.o
 .debug_abbrev  0x00000000000020e9      0x25c ./Drivers/STM32H5xx_HAL_Driver/stm32h5xx_hal_rcc_ex.o

.debug_aranges  0x0000000000000000      0xeb0
 .debug_aranges
                0x0000000000000000       0x28 ./Application/Startup/startup_stm32h503rbtx.o
 .debug_aranges
                0x0000000000000028       0x20 ./Application/User/bma530.o
 .debug_aranges
                0x0000000000000048       0x48 ./Application/User/bst_api.o
 .debug_aranges
                0x0000000000000090       0x68 ./Application/User/main.o
 .debug_aranges
                0x00000000000000f8       0x30 ./Application/User/stm32h5xx_hal_msp.o
 .debug_aranges
                0x0000000000000128       0x70 ./Application/User/stm32h5xx_it.o
 .debug_aranges
                0x0000000000000198       0x90 ./Drivers/BSP/STM32H5xx_Nucleo/stm32h5xx_nucleo.o
 .debug_aranges
                0x0000000000000228       0x28 ./Drivers/CMSIS/system_stm32h5xx.o
 .debug_aranges
                0x0000000000000250      0x1a0 ./Drivers/STM32H5xx_HAL_Driver/stm32h5xx_hal.o
 .debug_aranges
                0x00000000000003f0      0x130 ./Drivers/STM32H5xx_HAL_Driver/stm32h5xx_hal_cortex.o
 .debug_aranges
                0x0000000000000520       0x98 ./Drivers/STM32H5xx_HAL_Driver/stm32h5xx_hal_dma.o
 .debug_aranges
                0x00000000000005b8       0x70 ./Drivers/STM32H5xx_HAL_Driver/stm32h5xx_hal_exti.o
 .debug_aranges
                0x0000000000000628       0x78 ./Drivers/STM32H5xx_HAL_Driver/stm32h5xx_hal_gpio.o
 .debug_aranges
                0x00000000000006a0      0x5f0 ./Drivers/STM32H5xx_HAL_Driver/stm32h5xx_hal_i3c.o
 .debug_aranges
                0x0000000000000c90       0x98 ./Drivers/STM32H5xx_HAL_Driver/stm32h5xx_hal_icache.o
 .debug_aranges
                0x0000000000000d28       0xa0 ./Drivers/STM32H5xx_HAL_Driver/stm32h5xx_hal_rcc.o
 .debug_aranges
                0x0000000000000dc8       0xe8 ./Drivers/STM32H5xx_HAL_Driver/stm32h5xx_hal_rcc_ex.o

.debug_str      0x0000000000000000    0xc7699
 .debug_str     0x0000000000000000       0xb5 ./Application/Startup/startup_stm32h503rbtx.o
 .debug_str     0x00000000000000b5    0xc1f77 ./Application/User/bma530.o
                                      0xc2395 (size before relaxing)
 .debug_str     0x00000000000c202c      0x27b ./Application/User/bst_api.o
                                      0xc25c1 (size before relaxing)
 .debug_str     0x00000000000c22a7      0x9cb ./Application/User/main.o
                                      0xc2e3a (size before relaxing)
 .debug_str     0x00000000000c2c72      0x878 ./Application/User/stm32h5xx_hal_msp.o
                                      0xc2c67 (size before relaxing)
 .debug_str     0x00000000000c34ea      0x17a ./Application/User/stm32h5xx_it.o
                                      0xc2321 (size before relaxing)
 .debug_str     0x00000000000c3664      0x2f6 ./Drivers/BSP/STM32H5xx_Nucleo/stm32h5xx_nucleo.o
                                      0xc253d (size before relaxing)
 .debug_str     0x00000000000c395a      0x348 ./Drivers/CMSIS/system_stm32h5xx.o
                                      0xc194a (size before relaxing)
 .debug_str     0x00000000000c3ca2      0x867 ./Drivers/STM32H5xx_HAL_Driver/stm32h5xx_hal.o
                                      0xc2471 (size before relaxing)
 .debug_str     0x00000000000c4509      0x406 ./Drivers/STM32H5xx_HAL_Driver/stm32h5xx_hal_cortex.o
                                      0xc21c8 (size before relaxing)
 .debug_str     0x00000000000c490f      0x385 ./Drivers/STM32H5xx_HAL_Driver/stm32h5xx_hal_dma.o
                                      0xc1b82 (size before relaxing)
 .debug_str     0x00000000000c4c94      0x2d6 ./Drivers/STM32H5xx_HAL_Driver/stm32h5xx_hal_exti.o
                                      0xc17f8 (size before relaxing)
 .debug_str     0x00000000000c4f6a      0x27e ./Drivers/STM32H5xx_HAL_Driver/stm32h5xx_hal_gpio.o
                                      0xc182b (size before relaxing)
 .debug_str     0x00000000000c51e8     0x1711 ./Drivers/STM32H5xx_HAL_Driver/stm32h5xx_hal_i3c.o
                                      0xc3833 (size before relaxing)
 .debug_str     0x00000000000c68f9      0x3a7 ./Drivers/STM32H5xx_HAL_Driver/stm32h5xx_hal_icache.o
                                      0xc17df (size before relaxing)
 .debug_str     0x00000000000c6ca0      0x3dc ./Drivers/STM32H5xx_HAL_Driver/stm32h5xx_hal_rcc.o
                                      0xc1e8f (size before relaxing)
 .debug_str     0x00000000000c707c      0x61d ./Drivers/STM32H5xx_HAL_Driver/stm32h5xx_hal_rcc_ex.o
                                      0xc1fe6 (size before relaxing)

.debug_rnglists
                0x0000000000000000      0xb1c
 .debug_rnglists
                0x0000000000000000       0x19 ./Application/Startup/startup_stm32h503rbtx.o
 .debug_rnglists
                0x0000000000000019       0x13 ./Application/User/bma530.o
 .debug_rnglists
                0x000000000000002c       0x37 ./Application/User/bst_api.o
 .debug_rnglists
                0x0000000000000063       0x4c ./Application/User/main.o
 .debug_rnglists
                0x00000000000000af       0x20 ./Application/User/stm32h5xx_hal_msp.o
 .debug_rnglists
                0x00000000000000cf       0x4f ./Application/User/stm32h5xx_it.o
 .debug_rnglists
                0x000000000000011e       0x69 ./Drivers/BSP/STM32H5xx_Nucleo/stm32h5xx_nucleo.o
 .debug_rnglists
                0x0000000000000187       0x1b ./Drivers/CMSIS/system_stm32h5xx.o
 .debug_rnglists
                0x00000000000001a2      0x133 ./Drivers/STM32H5xx_HAL_Driver/stm32h5xx_hal.o
 .debug_rnglists
                0x00000000000002d5       0xe0 ./Drivers/STM32H5xx_HAL_Driver/stm32h5xx_hal_cortex.o
 .debug_rnglists
                0x00000000000003b5       0x77 ./Drivers/STM32H5xx_HAL_Driver/stm32h5xx_hal_dma.o
 .debug_rnglists
                0x000000000000042c       0x53 ./Drivers/STM32H5xx_HAL_Driver/stm32h5xx_hal_exti.o
 .debug_rnglists
                0x000000000000047f       0x57 ./Drivers/STM32H5xx_HAL_Driver/stm32h5xx_hal_gpio.o
 .debug_rnglists
                0x00000000000004d6      0x4ac ./Drivers/STM32H5xx_HAL_Driver/stm32h5xx_hal_i3c.o
 .debug_rnglists
                0x0000000000000982       0x6d ./Drivers/STM32H5xx_HAL_Driver/stm32h5xx_hal_icache.o
 .debug_rnglists
                0x00000000000009ef       0x79 ./Drivers/STM32H5xx_HAL_Driver/stm32h5xx_hal_rcc.o
 .debug_rnglists
                0x0000000000000a68       0xb4 ./Drivers/STM32H5xx_HAL_Driver/stm32h5xx_hal_rcc_ex.o

.debug_macro    0x0000000000000000    0x209b4
 .debug_macro   0x0000000000000000      0x2ab ./Application/User/bma530.o
 .debug_macro   0x00000000000002ab      0xaae ./Application/User/bma530.o
 .debug_macro   0x0000000000000d59      0x1ca ./Application/User/bma530.o
 .debug_macro   0x0000000000000f23       0x22 ./Application/User/bma530.o
 .debug_macro   0x0000000000000f45       0x5b ./Application/User/bma530.o
 .debug_macro   0x0000000000000fa0       0x2a ./Application/User/bma530.o
 .debug_macro   0x0000000000000fca       0x94 ./Application/User/bma530.o
 .debug_macro   0x000000000000105e       0x43 ./Application/User/bma530.o
 .debug_macro   0x00000000000010a1       0x34 ./Application/User/bma530.o
 .debug_macro   0x00000000000010d5      0x174 ./Application/User/bma530.o
 .debug_macro   0x0000000000001249       0x16 ./Application/User/bma530.o
 .debug_macro   0x000000000000125f       0x43 ./Application/User/bma530.o
 .debug_macro   0x00000000000012a2       0x57 ./Application/User/bma530.o
 .debug_macro   0x00000000000012f9       0x34 ./Application/User/bma530.o
 .debug_macro   0x000000000000132d       0x10 ./Application/User/bma530.o
 .debug_macro   0x000000000000133d       0x58 ./Application/User/bma530.o
 .debug_macro   0x0000000000001395       0x8e ./Application/User/bma530.o
 .debug_macro   0x0000000000001423       0x1c ./Application/User/bma530.o
 .debug_macro   0x000000000000143f      0x177 ./Application/User/bma530.o
 .debug_macro   0x00000000000015b6      0x369 ./Application/User/bma530.o
 .debug_macro   0x000000000000191f      0x19b ./Application/User/bma530.o
 .debug_macro   0x0000000000001aba       0x28 ./Application/User/bma530.o
 .debug_macro   0x0000000000001ae2       0x42 ./Application/User/bma530.o
 .debug_macro   0x0000000000001b24      0x103 ./Application/User/bma530.o
 .debug_macro   0x0000000000001c27       0x6a ./Application/User/bma530.o
 .debug_macro   0x0000000000001c91      0x1df ./Application/User/bma530.o
 .debug_macro   0x0000000000001e70       0x1c ./Application/User/bma530.o
 .debug_macro   0x0000000000001e8c       0x29 ./Application/User/bma530.o
 .debug_macro   0x0000000000001eb5       0xfb ./Application/User/bma530.o
 .debug_macro   0x0000000000001fb0     0x1685 ./Application/User/bma530.o
 .debug_macro   0x0000000000003635       0x5e ./Application/User/bma530.o
 .debug_macro   0x0000000000003693    0x12b4b ./Application/User/bma530.o
 .debug_macro   0x00000000000161de       0x6d ./Application/User/bma530.o
 .debug_macro   0x000000000001624b     0x387c ./Application/User/bma530.o
 .debug_macro   0x0000000000019ac7       0x63 ./Application/User/bma530.o
 .debug_macro   0x0000000000019b2a     0x146a ./Application/User/bma530.o
 .debug_macro   0x000000000001af94      0x75e ./Application/User/bma530.o
 .debug_macro   0x000000000001b6f2      0x15f ./Application/User/bma530.o
 .debug_macro   0x000000000001b851      0x1a6 ./Application/User/bma530.o
 .debug_macro   0x000000000001b9f7       0x6e ./Application/User/bma530.o
 .debug_macro   0x000000000001ba65      0x527 ./Application/User/bma530.o
 .debug_macro   0x000000000001bf8c      0x40f ./Application/User/bma530.o
 .debug_macro   0x000000000001c39b       0xd6 ./Application/User/bma530.o
 .debug_macro   0x000000000001c471      0x1ce ./Application/User/bma530.o
 .debug_macro   0x000000000001c63f      0x1c3 ./Application/User/bma530.o
 .debug_macro   0x000000000001c802      0x4c5 ./Application/User/bma530.o
 .debug_macro   0x000000000001ccc7       0x58 ./Application/User/bma530.o
 .debug_macro   0x000000000001cd1f      0x424 ./Application/User/bma530.o
 .debug_macro   0x000000000001d143      0x4e2 ./Application/User/bma530.o
 .debug_macro   0x000000000001d625      0x272 ./Application/User/bma530.o
 .debug_macro   0x000000000001d897      0x1a6 ./Application/User/bma530.o
 .debug_macro   0x000000000001da3d      0x299 ./Application/User/bma530.o
 .debug_macro   0x000000000001dcd6      0x326 ./Application/User/bma530.o
 .debug_macro   0x000000000001dffc       0x76 ./Application/User/bma530.o
 .debug_macro   0x000000000001e072       0x22 ./Application/User/bma530.o
 .debug_macro   0x000000000001e094       0x52 ./Application/User/bma530.o
 .debug_macro   0x000000000001e0e6       0x8f ./Application/User/bma530.o
 .debug_macro   0x000000000001e175       0x16 ./Application/User/bma530.o
 .debug_macro   0x000000000001e18b      0x2a7 ./Application/User/bst_api.o
 .debug_macro   0x000000000001e432       0x8e ./Application/User/bst_api.o
 .debug_macro   0x000000000001e4c0       0x51 ./Application/User/bst_api.o
 .debug_macro   0x000000000001e511       0x61 ./Application/User/bst_api.o
 .debug_macro   0x000000000001e572      0x2c3 ./Application/User/main.o
 .debug_macro   0x000000000001e835       0x10 ./Application/User/main.o
 .debug_macro   0x000000000001e845       0x10 ./Application/User/main.o
 .debug_macro   0x000000000001e855      0x298 ./Application/User/stm32h5xx_hal_msp.o
 .debug_macro   0x000000000001eaed      0x2a2 ./Application/User/stm32h5xx_it.o
 .debug_macro   0x000000000001ed8f      0x295 ./Drivers/BSP/STM32H5xx_Nucleo/stm32h5xx_nucleo.o
 .debug_macro   0x000000000001f024       0x1c ./Drivers/BSP/STM32H5xx_Nucleo/stm32h5xx_nucleo.o
 .debug_macro   0x000000000001f040      0x26f ./Drivers/CMSIS/system_stm32h5xx.o
 .debug_macro   0x000000000001f2af      0x298 ./Drivers/STM32H5xx_HAL_Driver/stm32h5xx_hal.o
 .debug_macro   0x000000000001f547      0x268 ./Drivers/STM32H5xx_HAL_Driver/stm32h5xx_hal_cortex.o
 .debug_macro   0x000000000001f7af      0x269 ./Drivers/STM32H5xx_HAL_Driver/stm32h5xx_hal_dma.o
 .debug_macro   0x000000000001fa18      0x280 ./Drivers/STM32H5xx_HAL_Driver/stm32h5xx_hal_exti.o
 .debug_macro   0x000000000001fc98      0x29e ./Drivers/STM32H5xx_HAL_Driver/stm32h5xx_hal_gpio.o
 .debug_macro   0x000000000001ff36      0x2e0 ./Drivers/STM32H5xx_HAL_Driver/stm32h5xx_hal_i3c.o
 .debug_macro   0x0000000000020216      0x280 ./Drivers/STM32H5xx_HAL_Driver/stm32h5xx_hal_icache.o
 .debug_macro   0x0000000000020496      0x2aa ./Drivers/STM32H5xx_HAL_Driver/stm32h5xx_hal_rcc.o
 .debug_macro   0x0000000000020740      0x274 ./Drivers/STM32H5xx_HAL_Driver/stm32h5xx_hal_rcc_ex.o

.debug_frame    0x0000000000000000     0x3d8c
 .debug_frame   0x0000000000000000       0x34 ./Application/User/bma530.o
 .debug_frame   0x0000000000000034       0xf0 ./Application/User/bst_api.o
 .debug_frame   0x0000000000000124      0x164 ./Application/User/main.o
 .debug_frame   0x0000000000000288       0x7c ./Application/User/stm32h5xx_hal_msp.o
 .debug_frame   0x0000000000000304      0x13c ./Application/User/stm32h5xx_it.o
 .debug_frame   0x0000000000000440      0x21c ./Drivers/BSP/STM32H5xx_Nucleo/stm32h5xx_nucleo.o
 .debug_frame   0x000000000000065c       0x60 ./Drivers/CMSIS/system_stm32h5xx.o
 .debug_frame   0x00000000000006bc      0x66c ./Drivers/STM32H5xx_HAL_Driver/stm32h5xx_hal.o
 .debug_frame   0x0000000000000d28      0x508 ./Drivers/STM32H5xx_HAL_Driver/stm32h5xx_hal_cortex.o
 .debug_frame   0x0000000000001230      0x278 ./Drivers/STM32H5xx_HAL_Driver/stm32h5xx_hal_dma.o
 .debug_frame   0x00000000000014a8      0x1c4 ./Drivers/STM32H5xx_HAL_Driver/stm32h5xx_hal_exti.o
 .debug_frame   0x000000000000166c      0x1ec ./Drivers/STM32H5xx_HAL_Driver/stm32h5xx_hal_gpio.o
 .debug_frame   0x0000000000001858     0x1c68 ./Drivers/STM32H5xx_HAL_Driver/stm32h5xx_hal_i3c.o
 .debug_frame   0x00000000000034c0      0x24c ./Drivers/STM32H5xx_HAL_Driver/stm32h5xx_hal_icache.o
 .debug_frame   0x000000000000370c      0x264 ./Drivers/STM32H5xx_HAL_Driver/stm32h5xx_hal_rcc.o
 .debug_frame   0x0000000000003970      0x3d0 ./Drivers/STM32H5xx_HAL_Driver/stm32h5xx_hal_rcc_ex.o
 .debug_frame   0x0000000000003d40       0x20 C:/ST/STM32CubeIDE_1.13.2/STM32CubeIDE/plugins/com.st.stm32cube.ide.mcu.externaltools.gnu-tools-for-stm32.11.3.rel1.win32_1.1.1.202309131626/tools/bin/../lib/gcc/arm-none-eabi/11.3.1/../../../../arm-none-eabi/lib/thumb/v8-m.main+fp/hard\libc_nano.a(libc_a-memset.o)
 .debug_frame   0x0000000000003d60       0x2c C:/ST/STM32CubeIDE_1.13.2/STM32CubeIDE/plugins/com.st.stm32cube.ide.mcu.externaltools.gnu-tools-for-stm32.11.3.rel1.win32_1.1.1.202309131626/tools/bin/../lib/gcc/arm-none-eabi/11.3.1/../../../../arm-none-eabi/lib/thumb/v8-m.main+fp/hard\libc_nano.a(libc_a-init.o)
