C:/Users/yuh1rt/Documents/pro/stm32h5_i3c_api/I3C_Controller_general/I3C_Controller_InBandInterrupt_IT/Src/stm32h5xx_it.c:72:6:NMI_Handler	4	static
C:/Users/yuh1rt/Documents/pro/stm32h5_i3c_api/I3C_Controller_general/I3C_Controller_InBandInterrupt_IT/Src/stm32h5xx_it.c:85:6:HardFault_Handler	4	static
C:/Users/yuh1rt/Documents/pro/stm32h5_i3c_api/I3C_Controller_general/I3C_Controller_InBandInterrupt_IT/Src/stm32h5xx_it.c:98:6:MemManage_Handler	4	static
C:/Users/yuh1rt/Documents/pro/stm32h5_i3c_api/I3C_Controller_general/I3C_Controller_InBandInterrupt_IT/Src/stm32h5xx_it.c:111:6:BusFault_Handler	4	static
C:/Users/yuh1rt/Documents/pro/stm32h5_i3c_api/I3C_Controller_general/I3C_Controller_InBandInterrupt_IT/Src/stm32h5xx_it.c:124:6:UsageFault_Handler	4	static
C:/Users/yuh1rt/Documents/pro/stm32h5_i3c_api/I3C_Controller_general/I3C_Controller_InBandInterrupt_IT/Src/stm32h5xx_it.c:137:6:SVC_Handler	4	static
C:/Users/yuh1rt/Documents/pro/stm32h5_i3c_api/I3C_Controller_general/I3C_Controller_InBandInterrupt_IT/Src/stm32h5xx_it.c:149:6:DebugMon_Handler	4	static
C:/Users/yuh1rt/Documents/pro/stm32h5_i3c_api/I3C_Controller_general/I3C_Controller_InBandInterrupt_IT/Src/stm32h5xx_it.c:161:6:PendSV_Handler	4	static
C:/Users/yuh1rt/Documents/pro/stm32h5_i3c_api/I3C_Controller_general/I3C_Controller_InBandInterrupt_IT/Src/stm32h5xx_it.c:173:6:SysTick_Handler	8	static
C:/Users/yuh1rt/Documents/pro/stm32h5_i3c_api/I3C_Controller_general/I3C_Controller_InBandInterrupt_IT/Src/stm32h5xx_it.c:193:6:I3C1_EV_IRQHandler	8	static
C:/Users/yuh1rt/Documents/pro/stm32h5_i3c_api/I3C_Controller_general/I3C_Controller_InBandInterrupt_IT/Src/stm32h5xx_it.c:206:6:I3C1_ER_IRQHandler	8	static
