../Application/User/syscalls.c:41:6:initialise_monitor_handles	4	static
../Application/User/syscalls.c:44:5:_getpid	4	static
../Application/User/syscalls.c:48:5:_kill	16	static
../Application/User/syscalls.c:55:6:_exit	16	static
../Application/User/syscalls.c:61:27:_read	32	static
../Application/User/syscalls.c:72:27:_write	32	static
../Application/User/syscalls.c:82:5:_close	16	static
../Application/User/syscalls.c:87:5:_fstat	16	static
../Application/User/syscalls.c:93:5:_isatty	16	static
../Application/User/syscalls.c:98:5:_lseek	24	static
../Application/User/syscalls.c:105:5:_open	12	static
../Application/User/syscalls.c:112:5:_wait	16	static
../Application/User/syscalls.c:118:5:_unlink	16	static
../Application/User/syscalls.c:124:5:_times	16	static
../Application/User/syscalls.c:129:5:_stat	16	static
../Application/User/syscalls.c:135:5:_link	16	static
../Application/User/syscalls.c:142:5:_fork	8	static
../Application/User/syscalls.c:147:5:_execve	24	static
