C:/Users/yuh1rt/Documents/pro/stm32h5_i3c_api/I3C_Controller_general/I3C_Controller_InBandInterrupt_IT/Drivers/BSP/STM32H5xx_Nucleo/stm32h5xx_nucleo.c:142:9:BSP_GetVersion	4	static
C:/Users/yuh1rt/Documents/pro/stm32h5_i3c_api/I3C_Controller_general/I3C_Controller_InBandInterrupt_IT/Drivers/BSP/STM32H5xx_Nucleo/stm32h5xx_nucleo.c:150:16:BSP_GetBoardName	4	static
C:/Users/yuh1rt/Documents/pro/stm32h5_i3c_api/I3C_Controller_general/I3C_Controller_InBandInterrupt_IT/Drivers/BSP/STM32H5xx_Nucleo/stm32h5xx_nucleo.c:158:16:BSP_GetBoardID	4	static
C:/Users/yuh1rt/Documents/pro/stm32h5_i3c_api/I3C_Controller_general/I3C_Controller_InBandInterrupt_IT/Drivers/BSP/STM32H5xx_Nucleo/stm32h5xx_nucleo.c:171:9:BSP_LED_Init	48	static
C:/Users/yuh1rt/Documents/pro/stm32h5_i3c_api/I3C_Controller_general/I3C_Controller_InBandInterrupt_IT/Drivers/BSP/STM32H5xx_Nucleo/stm32h5xx_nucleo.c:220:9:BSP_LED_DeInit	40	static
C:/Users/yuh1rt/Documents/pro/stm32h5_i3c_api/I3C_Controller_general/I3C_Controller_InBandInterrupt_IT/Drivers/BSP/STM32H5xx_Nucleo/stm32h5xx_nucleo.c:250:9:BSP_LED_On	24	static
C:/Users/yuh1rt/Documents/pro/stm32h5_i3c_api/I3C_Controller_general/I3C_Controller_InBandInterrupt_IT/Drivers/BSP/STM32H5xx_Nucleo/stm32h5xx_nucleo.c:275:9:BSP_LED_Off	24	static
C:/Users/yuh1rt/Documents/pro/stm32h5_i3c_api/I3C_Controller_general/I3C_Controller_InBandInterrupt_IT/Drivers/BSP/STM32H5xx_Nucleo/stm32h5xx_nucleo.c:300:9:BSP_LED_Toggle	24	static
C:/Users/yuh1rt/Documents/pro/stm32h5_i3c_api/I3C_Controller_general/I3C_Controller_InBandInterrupt_IT/Drivers/BSP/STM32H5xx_Nucleo/stm32h5xx_nucleo.c:325:9:BSP_LED_GetState	24	static
C:/Users/yuh1rt/Documents/pro/stm32h5_i3c_api/I3C_Controller_general/I3C_Controller_InBandInterrupt_IT/Drivers/BSP/STM32H5xx_Nucleo/stm32h5xx_nucleo.c:352:9:BSP_PB_Init	40	static
C:/Users/yuh1rt/Documents/pro/stm32h5_i3c_api/I3C_Controller_general/I3C_Controller_InBandInterrupt_IT/Drivers/BSP/STM32H5xx_Nucleo/stm32h5xx_nucleo.c:399:9:BSP_PB_DeInit	40	static
C:/Users/yuh1rt/Documents/pro/stm32h5_i3c_api/I3C_Controller_general/I3C_Controller_InBandInterrupt_IT/Drivers/BSP/STM32H5xx_Nucleo/stm32h5xx_nucleo.c:416:9:BSP_PB_GetState	16	static
C:/Users/yuh1rt/Documents/pro/stm32h5_i3c_api/I3C_Controller_general/I3C_Controller_InBandInterrupt_IT/Drivers/BSP/STM32H5xx_Nucleo/stm32h5xx_nucleo.c:425:6:BSP_PB_IRQHandler	16	static
C:/Users/yuh1rt/Documents/pro/stm32h5_i3c_api/I3C_Controller_general/I3C_Controller_InBandInterrupt_IT/Drivers/BSP/STM32H5xx_Nucleo/stm32h5xx_nucleo.c:434:13:BSP_PB_Callback	16	static
C:/Users/yuh1rt/Documents/pro/stm32h5_i3c_api/I3C_Controller_general/I3C_Controller_InBandInterrupt_IT/Drivers/BSP/STM32H5xx_Nucleo/stm32h5xx_nucleo.c:666:13:BUTTON_USER_EXTI_Callback	8	static
