C:/Users/yuh1rt/Documents/pro/stm32h5_i3c_api/I3C_Controller_general/I3C_Controller_InBandInterrupt_IT/Drivers/STM32H5xx_HAL_Driver/Src/stm32h5xx_hal_rcc.c:259:19:HAL_RCC_DeInit	16	static
C:/Users/yuh1rt/Documents/pro/stm32h5_i3c_api/I3C_Controller_general/I3C_Controller_InBandInterrupt_IT/Drivers/STM32H5xx_HAL_Driver/Src/stm32h5xx_hal_rcc.c:442:19:HAL_RCC_OscConfig	40	static
C:/Users/yuh1rt/Documents/pro/stm32h5_i3c_api/I3C_Controller_general/I3C_Controller_InBandInterrupt_IT/Drivers/STM32H5xx_HAL_Driver/Src/stm32h5xx_hal_rcc.c:947:19:HAL_RCC_ClockConfig	24	static
C:/Users/yuh1rt/Documents/pro/stm32h5_i3c_api/I3C_Controller_general/I3C_Controller_InBandInterrupt_IT/Drivers/STM32H5xx_HAL_Driver/Src/stm32h5xx_hal_rcc.c:1207:6:HAL_RCC_MCOConfig	56	static
C:/Users/yuh1rt/Documents/pro/stm32h5_i3c_api/I3C_Controller_general/I3C_Controller_InBandInterrupt_IT/Drivers/STM32H5xx_HAL_Driver/Src/stm32h5xx_hal_rcc.c:1285:10:HAL_RCC_GetSysClockFreq	40	static
C:/Users/yuh1rt/Documents/pro/stm32h5_i3c_api/I3C_Controller_general/I3C_Controller_InBandInterrupt_IT/Drivers/STM32H5xx_HAL_Driver/Src/stm32h5xx_hal_rcc.c:1391:10:HAL_RCC_GetHCLKFreq	8	static
C:/Users/yuh1rt/Documents/pro/stm32h5_i3c_api/I3C_Controller_general/I3C_Controller_InBandInterrupt_IT/Drivers/STM32H5xx_HAL_Driver/Src/stm32h5xx_hal_rcc.c:1406:10:HAL_RCC_GetPCLK1Freq	8	static
C:/Users/yuh1rt/Documents/pro/stm32h5_i3c_api/I3C_Controller_general/I3C_Controller_InBandInterrupt_IT/Drivers/STM32H5xx_HAL_Driver/Src/stm32h5xx_hal_rcc.c:1419:10:HAL_RCC_GetPCLK2Freq	8	static
C:/Users/yuh1rt/Documents/pro/stm32h5_i3c_api/I3C_Controller_general/I3C_Controller_InBandInterrupt_IT/Drivers/STM32H5xx_HAL_Driver/Src/stm32h5xx_hal_rcc.c:1432:10:HAL_RCC_GetPCLK3Freq	8	static
C:/Users/yuh1rt/Documents/pro/stm32h5_i3c_api/I3C_Controller_general/I3C_Controller_InBandInterrupt_IT/Drivers/STM32H5xx_HAL_Driver/Src/stm32h5xx_hal_rcc.c:1445:6:HAL_RCC_GetOscConfig	32	static
C:/Users/yuh1rt/Documents/pro/stm32h5_i3c_api/I3C_Controller_general/I3C_Controller_InBandInterrupt_IT/Drivers/STM32H5xx_HAL_Driver/Src/stm32h5xx_hal_rcc.c:1528:6:HAL_RCC_GetClockConfig	24	static
C:/Users/yuh1rt/Documents/pro/stm32h5_i3c_api/I3C_Controller_general/I3C_Controller_InBandInterrupt_IT/Drivers/STM32H5xx_HAL_Driver/Src/stm32h5xx_hal_rcc.c:1569:10:HAL_RCC_GetResetSource	16	static
C:/Users/yuh1rt/Documents/pro/stm32h5_i3c_api/I3C_Controller_general/I3C_Controller_InBandInterrupt_IT/Drivers/STM32H5xx_HAL_Driver/Src/stm32h5xx_hal_rcc.c:1591:6:HAL_RCC_EnableCSS	4	static
C:/Users/yuh1rt/Documents/pro/stm32h5_i3c_api/I3C_Controller_general/I3C_Controller_InBandInterrupt_IT/Drivers/STM32H5xx_HAL_Driver/Src/stm32h5xx_hal_rcc.c:1600:6:HAL_RCC_NMI_IRQHandler	8	static
C:/Users/yuh1rt/Documents/pro/stm32h5_i3c_api/I3C_Controller_general/I3C_Controller_InBandInterrupt_IT/Drivers/STM32H5xx_HAL_Driver/Src/stm32h5xx_hal_rcc.c:1615:13:HAL_RCC_CSSCallback	4	static
C:/Users/yuh1rt/Documents/pro/stm32h5_i3c_api/I3C_Controller_general/I3C_Controller_InBandInterrupt_IT/Drivers/STM32H5xx_HAL_Driver/Src/stm32h5xx_hal_rcc.c:1656:6:HAL_RCC_ConfigAttributes	16	static
C:/Users/yuh1rt/Documents/pro/stm32h5_i3c_api/I3C_Controller_general/I3C_Controller_InBandInterrupt_IT/Drivers/STM32H5xx_HAL_Driver/Src/stm32h5xx_hal_rcc.c:1734:19:HAL_RCC_GetConfigAttributes	24	static
