C:/Users/yuh1rt/Documents/pro/stm32h5_i3c_api/I3C_Controller_general/I3C_Controller_InBandInterrupt_IT/Drivers/STM32H5xx_HAL_Driver/Src/stm32h5xx_hal.c:143:19:HAL_Init	8	static
C:/Users/yuh1rt/Documents/pro/stm32h5_i3c_api/I3C_Controller_general/I3C_Controller_InBandInterrupt_IT/Drivers/STM32H5xx_HAL_Driver/Src/stm32h5xx_hal.c:175:19:HAL_DeInit	8	static
C:/Users/yuh1rt/Documents/pro/stm32h5_i3c_api/I3C_Controller_general/I3C_Controller_InBandInterrupt_IT/Drivers/STM32H5xx_HAL_Driver/Src/stm32h5xx_hal.c:208:13:HAL_MspInit	4	static
C:/Users/yuh1rt/Documents/pro/stm32h5_i3c_api/I3C_Controller_general/I3C_Controller_InBandInterrupt_IT/Drivers/STM32H5xx_HAL_Driver/Src/stm32h5xx_hal.c:218:13:HAL_MspDeInit	4	static
C:/Users/yuh1rt/Documents/pro/stm32h5_i3c_api/I3C_Controller_general/I3C_Controller_InBandInterrupt_IT/Drivers/STM32H5xx_HAL_Driver/Src/stm32h5xx_hal.c:240:26:HAL_InitTick	16	static
C:/Users/yuh1rt/Documents/pro/stm32h5_i3c_api/I3C_Controller_general/I3C_Controller_InBandInterrupt_IT/Drivers/STM32H5xx_HAL_Driver/Src/stm32h5xx_hal.c:297:13:HAL_IncTick	4	static
C:/Users/yuh1rt/Documents/pro/stm32h5_i3c_api/I3C_Controller_general/I3C_Controller_InBandInterrupt_IT/Drivers/STM32H5xx_HAL_Driver/Src/stm32h5xx_hal.c:307:17:HAL_GetTick	4	static
C:/Users/yuh1rt/Documents/pro/stm32h5_i3c_api/I3C_Controller_general/I3C_Controller_InBandInterrupt_IT/Drivers/STM32H5xx_HAL_Driver/Src/stm32h5xx_hal.c:315:10:HAL_GetTickPrio	4	static
C:/Users/yuh1rt/Documents/pro/stm32h5_i3c_api/I3C_Controller_general/I3C_Controller_InBandInterrupt_IT/Drivers/STM32H5xx_HAL_Driver/Src/stm32h5xx_hal.c:323:19:HAL_SetTickFreq	24	static
C:/Users/yuh1rt/Documents/pro/stm32h5_i3c_api/I3C_Controller_general/I3C_Controller_InBandInterrupt_IT/Drivers/STM32H5xx_HAL_Driver/Src/stm32h5xx_hal.c:353:21:HAL_GetTickFreq	4	static
C:/Users/yuh1rt/Documents/pro/stm32h5_i3c_api/I3C_Controller_general/I3C_Controller_InBandInterrupt_IT/Drivers/STM32H5xx_HAL_Driver/Src/stm32h5xx_hal.c:368:13:HAL_Delay	24	static
C:/Users/yuh1rt/Documents/pro/stm32h5_i3c_api/I3C_Controller_general/I3C_Controller_InBandInterrupt_IT/Drivers/STM32H5xx_HAL_Driver/Src/stm32h5xx_hal.c:391:13:HAL_SuspendTick	4	static
C:/Users/yuh1rt/Documents/pro/stm32h5_i3c_api/I3C_Controller_general/I3C_Controller_InBandInterrupt_IT/Drivers/STM32H5xx_HAL_Driver/Src/stm32h5xx_hal.c:406:13:HAL_ResumeTick	4	static
C:/Users/yuh1rt/Documents/pro/stm32h5_i3c_api/I3C_Controller_general/I3C_Controller_InBandInterrupt_IT/Drivers/STM32H5xx_HAL_Driver/Src/stm32h5xx_hal.c:415:10:HAL_GetHalVersion	4	static
C:/Users/yuh1rt/Documents/pro/stm32h5_i3c_api/I3C_Controller_general/I3C_Controller_InBandInterrupt_IT/Drivers/STM32H5xx_HAL_Driver/Src/stm32h5xx_hal.c:423:10:HAL_GetREVID	4	static
C:/Users/yuh1rt/Documents/pro/stm32h5_i3c_api/I3C_Controller_general/I3C_Controller_InBandInterrupt_IT/Drivers/STM32H5xx_HAL_Driver/Src/stm32h5xx_hal.c:431:10:HAL_GetDEVID	4	static
C:/Users/yuh1rt/Documents/pro/stm32h5_i3c_api/I3C_Controller_general/I3C_Controller_InBandInterrupt_IT/Drivers/STM32H5xx_HAL_Driver/Src/stm32h5xx_hal.c:439:10:HAL_GetUIDw0	4	static
C:/Users/yuh1rt/Documents/pro/stm32h5_i3c_api/I3C_Controller_general/I3C_Controller_InBandInterrupt_IT/Drivers/STM32H5xx_HAL_Driver/Src/stm32h5xx_hal.c:447:10:HAL_GetUIDw1	4	static
C:/Users/yuh1rt/Documents/pro/stm32h5_i3c_api/I3C_Controller_general/I3C_Controller_InBandInterrupt_IT/Drivers/STM32H5xx_HAL_Driver/Src/stm32h5xx_hal.c:455:10:HAL_GetUIDw2	4	static
C:/Users/yuh1rt/Documents/pro/stm32h5_i3c_api/I3C_Controller_general/I3C_Controller_InBandInterrupt_IT/Drivers/STM32H5xx_HAL_Driver/Src/stm32h5xx_hal.c:482:6:HAL_DBGMCU_EnableDBGStopMode	4	static
C:/Users/yuh1rt/Documents/pro/stm32h5_i3c_api/I3C_Controller_general/I3C_Controller_InBandInterrupt_IT/Drivers/STM32H5xx_HAL_Driver/Src/stm32h5xx_hal.c:490:6:HAL_DBGMCU_DisableDBGStopMode	4	static
C:/Users/yuh1rt/Documents/pro/stm32h5_i3c_api/I3C_Controller_general/I3C_Controller_InBandInterrupt_IT/Drivers/STM32H5xx_HAL_Driver/Src/stm32h5xx_hal.c:498:6:HAL_DBGMCU_EnableDBGStandbyMode	4	static
C:/Users/yuh1rt/Documents/pro/stm32h5_i3c_api/I3C_Controller_general/I3C_Controller_InBandInterrupt_IT/Drivers/STM32H5xx_HAL_Driver/Src/stm32h5xx_hal.c:506:6:HAL_DBGMCU_DisableDBGStandbyMode	4	static
C:/Users/yuh1rt/Documents/pro/stm32h5_i3c_api/I3C_Controller_general/I3C_Controller_InBandInterrupt_IT/Drivers/STM32H5xx_HAL_Driver/Src/stm32h5xx_hal.c:663:6:HAL_SBS_EnableVddIO1CompensationCell	4	static
C:/Users/yuh1rt/Documents/pro/stm32h5_i3c_api/I3C_Controller_general/I3C_Controller_InBandInterrupt_IT/Drivers/STM32H5xx_HAL_Driver/Src/stm32h5xx_hal.c:673:6:HAL_SBS_DisableVddIO1CompensationCell	4	static
C:/Users/yuh1rt/Documents/pro/stm32h5_i3c_api/I3C_Controller_general/I3C_Controller_InBandInterrupt_IT/Drivers/STM32H5xx_HAL_Driver/Src/stm32h5xx_hal.c:683:6:HAL_SBS_EnableVddIO2CompensationCell	4	static
C:/Users/yuh1rt/Documents/pro/stm32h5_i3c_api/I3C_Controller_general/I3C_Controller_InBandInterrupt_IT/Drivers/STM32H5xx_HAL_Driver/Src/stm32h5xx_hal.c:693:6:HAL_SBS_DisableVddIO2CompensationCell	4	static
C:/Users/yuh1rt/Documents/pro/stm32h5_i3c_api/I3C_Controller_general/I3C_Controller_InBandInterrupt_IT/Drivers/STM32H5xx_HAL_Driver/Src/stm32h5xx_hal.c:705:6:HAL_SBS_VDDCompensationCodeSelect	16	static
C:/Users/yuh1rt/Documents/pro/stm32h5_i3c_api/I3C_Controller_general/I3C_Controller_InBandInterrupt_IT/Drivers/STM32H5xx_HAL_Driver/Src/stm32h5xx_hal.c:719:6:HAL_SBS_VDDIOCompensationCodeSelect	16	static
C:/Users/yuh1rt/Documents/pro/stm32h5_i3c_api/I3C_Controller_general/I3C_Controller_InBandInterrupt_IT/Drivers/STM32H5xx_HAL_Driver/Src/stm32h5xx_hal.c:729:10:HAL_SBS_GetVddIO1CompensationCellReadyFlag	4	static
C:/Users/yuh1rt/Documents/pro/stm32h5_i3c_api/I3C_Controller_general/I3C_Controller_InBandInterrupt_IT/Drivers/STM32H5xx_HAL_Driver/Src/stm32h5xx_hal.c:737:10:HAL_SBS_GetVddIO2CompensationCellReadyFlag	4	static
C:/Users/yuh1rt/Documents/pro/stm32h5_i3c_api/I3C_Controller_general/I3C_Controller_InBandInterrupt_IT/Drivers/STM32H5xx_HAL_Driver/Src/stm32h5xx_hal.c:751:6:HAL_SBS_VDDCompensationCodeConfig	16	static
C:/Users/yuh1rt/Documents/pro/stm32h5_i3c_api/I3C_Controller_general/I3C_Controller_InBandInterrupt_IT/Drivers/STM32H5xx_HAL_Driver/Src/stm32h5xx_hal.c:770:6:HAL_SBS_VDDIOCompensationCodeConfig	16	static
C:/Users/yuh1rt/Documents/pro/stm32h5_i3c_api/I3C_Controller_general/I3C_Controller_InBandInterrupt_IT/Drivers/STM32H5xx_HAL_Driver/Src/stm32h5xx_hal.c:784:10:HAL_SBS_GetNMOSVddCompensationValue	4	static
C:/Users/yuh1rt/Documents/pro/stm32h5_i3c_api/I3C_Controller_general/I3C_Controller_InBandInterrupt_IT/Drivers/STM32H5xx_HAL_Driver/Src/stm32h5xx_hal.c:792:10:HAL_SBS_GetPMOSVddCompensationValue	4	static
C:/Users/yuh1rt/Documents/pro/stm32h5_i3c_api/I3C_Controller_general/I3C_Controller_InBandInterrupt_IT/Drivers/STM32H5xx_HAL_Driver/Src/stm32h5xx_hal.c:801:10:HAL_SBS_GetNMOSVddIO2CompensationValue	4	static
C:/Users/yuh1rt/Documents/pro/stm32h5_i3c_api/I3C_Controller_general/I3C_Controller_InBandInterrupt_IT/Drivers/STM32H5xx_HAL_Driver/Src/stm32h5xx_hal.c:810:10:HAL_SBS_GetPMOSVddIO2CompensationValue	4	static
C:/Users/yuh1rt/Documents/pro/stm32h5_i3c_api/I3C_Controller_general/I3C_Controller_InBandInterrupt_IT/Drivers/STM32H5xx_HAL_Driver/Src/stm32h5xx_hal.c:820:6:HAL_SBS_FLASH_DisableECCNMI	4	static
C:/Users/yuh1rt/Documents/pro/stm32h5_i3c_api/I3C_Controller_general/I3C_Controller_InBandInterrupt_IT/Drivers/STM32H5xx_HAL_Driver/Src/stm32h5xx_hal.c:829:6:HAL_SBS_FLASH_EnableECCNMI	4	static
C:/Users/yuh1rt/Documents/pro/stm32h5_i3c_api/I3C_Controller_general/I3C_Controller_InBandInterrupt_IT/Drivers/STM32H5xx_HAL_Driver/Src/stm32h5xx_hal.c:838:10:HAL_SBS_FLASH_ECCNMI_IsDisabled	4	static
C:/Users/yuh1rt/Documents/pro/stm32h5_i3c_api/I3C_Controller_general/I3C_Controller_InBandInterrupt_IT/Drivers/STM32H5xx_HAL_Driver/Src/stm32h5xx_hal.c:866:6:HAL_SBS_IncrementHDPLValue	4	static
C:/Users/yuh1rt/Documents/pro/stm32h5_i3c_api/I3C_Controller_general/I3C_Controller_InBandInterrupt_IT/Drivers/STM32H5xx_HAL_Driver/Src/stm32h5xx_hal.c:880:10:HAL_SBS_GetHDPLValue	4	static
C:/Users/yuh1rt/Documents/pro/stm32h5_i3c_api/I3C_Controller_general/I3C_Controller_InBandInterrupt_IT/Drivers/STM32H5xx_HAL_Driver/Src/stm32h5xx_hal.c:997:6:HAL_SBS_OpenAccessPort	4	static
C:/Users/yuh1rt/Documents/pro/stm32h5_i3c_api/I3C_Controller_general/I3C_Controller_InBandInterrupt_IT/Drivers/STM32H5xx_HAL_Driver/Src/stm32h5xx_hal.c:1006:6:HAL_SBS_OpenDebug	4	static
C:/Users/yuh1rt/Documents/pro/stm32h5_i3c_api/I3C_Controller_general/I3C_Controller_InBandInterrupt_IT/Drivers/STM32H5xx_HAL_Driver/Src/stm32h5xx_hal.c:1019:19:HAL_SBS_ConfigDebugLevel	16	static
C:/Users/yuh1rt/Documents/pro/stm32h5_i3c_api/I3C_Controller_general/I3C_Controller_InBandInterrupt_IT/Drivers/STM32H5xx_HAL_Driver/Src/stm32h5xx_hal.c:1038:10:HAL_SBS_GetDebugLevel	4	static
C:/Users/yuh1rt/Documents/pro/stm32h5_i3c_api/I3C_Controller_general/I3C_Controller_InBandInterrupt_IT/Drivers/STM32H5xx_HAL_Driver/Src/stm32h5xx_hal.c:1049:6:HAL_SBS_LockDebugConfig	4	static
C:/Users/yuh1rt/Documents/pro/stm32h5_i3c_api/I3C_Controller_general/I3C_Controller_InBandInterrupt_IT/Drivers/STM32H5xx_HAL_Driver/Src/stm32h5xx_hal.c:1104:6:HAL_SBS_Lock	16	static
C:/Users/yuh1rt/Documents/pro/stm32h5_i3c_api/I3C_Controller_general/I3C_Controller_InBandInterrupt_IT/Drivers/STM32H5xx_HAL_Driver/Src/stm32h5xx_hal.c:1124:19:HAL_SBS_GetLock	24	static
