../../Drivers/CMSIS/Include/core_cm33.h:2359:22:__NVIC_SetPriorityGrouping	24	static
../../Drivers/CMSIS/Include/core_cm33.h:2378:26:__NVIC_GetPriorityGrouping	4	static
../../Drivers/CMSIS/Include/core_cm33.h:2390:22:__NVIC_EnableIRQ	16	static,ignoring_inline_asm
../../Drivers/CMSIS/Include/core_cm33.h:2428:22:__NVIC_DisableIRQ	16	static,ignoring_inline_asm
../../Drivers/CMSIS/Include/core_cm33.h:2447:26:__NVIC_GetPendingIRQ	16	static
../../Drivers/CMSIS/Include/core_cm33.h:2466:22:__NVIC_SetPendingIRQ	16	static
../../Drivers/CMSIS/Include/core_cm33.h:2481:22:__NVIC_ClearPendingIRQ	16	static
../../Drivers/CMSIS/Include/core_cm33.h:2498:26:__NVIC_GetActive	16	static
../../Drivers/CMSIS/Include/core_cm33.h:2587:22:__NVIC_SetPriority	16	static
../../Drivers/CMSIS/Include/core_cm33.h:2609:26:__NVIC_GetPriority	16	static
../../Drivers/CMSIS/Include/core_cm33.h:2634:26:NVIC_EncodePriority	40	static
../../Drivers/CMSIS/Include/core_cm33.h:2661:22:NVIC_DecodePriority	40	static
../../Drivers/CMSIS/Include/core_cm33.h:2711:34:__NVIC_SystemReset	4	static,ignoring_inline_asm
../../Drivers/CMSIS/Include/core_cm33.h:3140:26:SysTick_Config	16	static
C:/Users/yuh1rt/Documents/pro/stm32h5_i3c_api/I3C_Controller_general/I3C_Controller_InBandInterrupt_IT/Drivers/STM32H5xx_HAL_Driver/Src/stm32h5xx_hal_cortex.c:184:6:HAL_NVIC_SetPriorityGrouping	16	static
C:/Users/yuh1rt/Documents/pro/stm32h5_i3c_api/I3C_Controller_general/I3C_Controller_InBandInterrupt_IT/Drivers/STM32H5xx_HAL_Driver/Src/stm32h5xx_hal_cortex.c:206:6:HAL_NVIC_SetPriority	32	static
C:/Users/yuh1rt/Documents/pro/stm32h5_i3c_api/I3C_Controller_general/I3C_Controller_InBandInterrupt_IT/Drivers/STM32H5xx_HAL_Driver/Src/stm32h5xx_hal_cortex.c:230:6:HAL_NVIC_EnableIRQ	16	static
C:/Users/yuh1rt/Documents/pro/stm32h5_i3c_api/I3C_Controller_general/I3C_Controller_InBandInterrupt_IT/Drivers/STM32H5xx_HAL_Driver/Src/stm32h5xx_hal_cortex.c:246:6:HAL_NVIC_DisableIRQ	16	static
C:/Users/yuh1rt/Documents/pro/stm32h5_i3c_api/I3C_Controller_general/I3C_Controller_InBandInterrupt_IT/Drivers/STM32H5xx_HAL_Driver/Src/stm32h5xx_hal_cortex.c:258:6:HAL_NVIC_SystemReset	8	static
C:/Users/yuh1rt/Documents/pro/stm32h5_i3c_api/I3C_Controller_general/I3C_Controller_InBandInterrupt_IT/Drivers/STM32H5xx_HAL_Driver/Src/stm32h5xx_hal_cortex.c:267:10:HAL_NVIC_GetPriorityGrouping	8	static
C:/Users/yuh1rt/Documents/pro/stm32h5_i3c_api/I3C_Controller_general/I3C_Controller_InBandInterrupt_IT/Drivers/STM32H5xx_HAL_Driver/Src/stm32h5xx_hal_cortex.c:294:6:HAL_NVIC_GetPriority	24	static
C:/Users/yuh1rt/Documents/pro/stm32h5_i3c_api/I3C_Controller_general/I3C_Controller_InBandInterrupt_IT/Drivers/STM32H5xx_HAL_Driver/Src/stm32h5xx_hal_cortex.c:311:6:HAL_NVIC_SetPendingIRQ	16	static
C:/Users/yuh1rt/Documents/pro/stm32h5_i3c_api/I3C_Controller_general/I3C_Controller_InBandInterrupt_IT/Drivers/STM32H5xx_HAL_Driver/Src/stm32h5xx_hal_cortex.c:326:10:HAL_NVIC_GetPendingIRQ	16	static
C:/Users/yuh1rt/Documents/pro/stm32h5_i3c_api/I3C_Controller_general/I3C_Controller_InBandInterrupt_IT/Drivers/STM32H5xx_HAL_Driver/Src/stm32h5xx_hal_cortex.c:339:6:HAL_NVIC_ClearPendingIRQ	16	static
C:/Users/yuh1rt/Documents/pro/stm32h5_i3c_api/I3C_Controller_general/I3C_Controller_InBandInterrupt_IT/Drivers/STM32H5xx_HAL_Driver/Src/stm32h5xx_hal_cortex.c:353:10:HAL_NVIC_GetActive	16	static
C:/Users/yuh1rt/Documents/pro/stm32h5_i3c_api/I3C_Controller_general/I3C_Controller_InBandInterrupt_IT/Drivers/STM32H5xx_HAL_Driver/Src/stm32h5xx_hal_cortex.c:384:10:HAL_SYSTICK_Config	16	static
C:/Users/yuh1rt/Documents/pro/stm32h5_i3c_api/I3C_Controller_general/I3C_Controller_InBandInterrupt_IT/Drivers/STM32H5xx_HAL_Driver/Src/stm32h5xx_hal_cortex.c:398:6:HAL_SYSTICK_CLKSourceConfig	16	static
C:/Users/yuh1rt/Documents/pro/stm32h5_i3c_api/I3C_Controller_general/I3C_Controller_InBandInterrupt_IT/Drivers/STM32H5xx_HAL_Driver/Src/stm32h5xx_hal_cortex.c:431:6:HAL_SYSTICK_IRQHandler	8	static
C:/Users/yuh1rt/Documents/pro/stm32h5_i3c_api/I3C_Controller_general/I3C_Controller_InBandInterrupt_IT/Drivers/STM32H5xx_HAL_Driver/Src/stm32h5xx_hal_cortex.c:439:13:HAL_SYSTICK_Callback	4	static
C:/Users/yuh1rt/Documents/pro/stm32h5_i3c_api/I3C_Controller_general/I3C_Controller_InBandInterrupt_IT/Drivers/STM32H5xx_HAL_Driver/Src/stm32h5xx_hal_cortex.c:475:6:HAL_MPU_Enable	16	static,ignoring_inline_asm
C:/Users/yuh1rt/Documents/pro/stm32h5_i3c_api/I3C_Controller_general/I3C_Controller_InBandInterrupt_IT/Drivers/STM32H5xx_HAL_Driver/Src/stm32h5xx_hal_cortex.c:523:6:HAL_MPU_Disable	4	static,ignoring_inline_asm
C:/Users/yuh1rt/Documents/pro/stm32h5_i3c_api/I3C_Controller_general/I3C_Controller_InBandInterrupt_IT/Drivers/STM32H5xx_HAL_Driver/Src/stm32h5xx_hal_cortex.c:566:6:HAL_MPU_ConfigRegion	16	static
C:/Users/yuh1rt/Documents/pro/stm32h5_i3c_api/I3C_Controller_general/I3C_Controller_InBandInterrupt_IT/Drivers/STM32H5xx_HAL_Driver/Src/stm32h5xx_hal_cortex.c:589:6:HAL_MPU_ConfigMemoryAttributes	16	static
C:/Users/yuh1rt/Documents/pro/stm32h5_i3c_api/I3C_Controller_general/I3C_Controller_InBandInterrupt_IT/Drivers/STM32H5xx_HAL_Driver/Src/stm32h5xx_hal_cortex.c:628:13:MPU_ConfigRegion	16	static,ignoring_inline_asm
C:/Users/yuh1rt/Documents/pro/stm32h5_i3c_api/I3C_Controller_general/I3C_Controller_InBandInterrupt_IT/Drivers/STM32H5xx_HAL_Driver/Src/stm32h5xx_hal_cortex.c:676:13:MPU_ConfigMemoryAttributes	32	static,ignoring_inline_asm
