C:/Users/yuh1rt/Documents/pro/stm32h5_i3c_api/I3C_Controller_general/I3C_Controller_InBandInterrupt_IT/Drivers/STM32H5xx_HAL_Driver/Src/stm32h5xx_hal_gpio.c:178:6:HAL_GPIO_Init	32	static
C:/Users/yuh1rt/Documents/pro/stm32h5_i3c_api/I3C_Controller_general/I3C_Controller_InBandInterrupt_IT/Drivers/STM32H5xx_HAL_Driver/Src/stm32h5xx_hal_gpio.c:302:6:HAL_GPIO_DeInit	32	static
C:/Users/yuh1rt/Documents/pro/stm32h5_i3c_api/I3C_Controller_general/I3C_Controller_InBandInterrupt_IT/Drivers/STM32H5xx_HAL_Driver/Src/stm32h5xx_hal_gpio.c:380:15:HAL_GPIO_ReadPin	24	static
C:/Users/yuh1rt/Documents/pro/stm32h5_i3c_api/I3C_Controller_general/I3C_Controller_InBandInterrupt_IT/Drivers/STM32H5xx_HAL_Driver/Src/stm32h5xx_hal_gpio.c:411:6:HAL_GPIO_WritePin	16	static
C:/Users/yuh1rt/Documents/pro/stm32h5_i3c_api/I3C_Controller_general/I3C_Controller_InBandInterrupt_IT/Drivers/STM32H5xx_HAL_Driver/Src/stm32h5xx_hal_gpio.c:439:6:HAL_GPIO_WriteMultipleStatePin	24	static
C:/Users/yuh1rt/Documents/pro/stm32h5_i3c_api/I3C_Controller_general/I3C_Controller_InBandInterrupt_IT/Drivers/STM32H5xx_HAL_Driver/Src/stm32h5xx_hal_gpio.c:458:6:HAL_GPIO_TogglePin	24	static
C:/Users/yuh1rt/Documents/pro/stm32h5_i3c_api/I3C_Controller_general/I3C_Controller_InBandInterrupt_IT/Drivers/STM32H5xx_HAL_Driver/Src/stm32h5xx_hal_gpio.c:483:19:HAL_GPIO_LockPin	24	static
C:/Users/yuh1rt/Documents/pro/stm32h5_i3c_api/I3C_Controller_general/I3C_Controller_InBandInterrupt_IT/Drivers/STM32H5xx_HAL_Driver/Src/stm32h5xx_hal_gpio.c:520:6:HAL_GPIO_EnableHighSPeedLowVoltage	16	static
C:/Users/yuh1rt/Documents/pro/stm32h5_i3c_api/I3C_Controller_general/I3C_Controller_InBandInterrupt_IT/Drivers/STM32H5xx_HAL_Driver/Src/stm32h5xx_hal_gpio.c:541:6:HAL_GPIO_DisableHighSPeedLowVoltage	16	static
C:/Users/yuh1rt/Documents/pro/stm32h5_i3c_api/I3C_Controller_general/I3C_Controller_InBandInterrupt_IT/Drivers/STM32H5xx_HAL_Driver/Src/stm32h5xx_hal_gpio.c:555:6:HAL_GPIO_EXTI_IRQHandler	16	static
C:/Users/yuh1rt/Documents/pro/stm32h5_i3c_api/I3C_Controller_general/I3C_Controller_InBandInterrupt_IT/Drivers/STM32H5xx_HAL_Driver/Src/stm32h5xx_hal_gpio.c:573:13:HAL_GPIO_EXTI_Rising_Callback	16	static
C:/Users/yuh1rt/Documents/pro/stm32h5_i3c_api/I3C_Controller_general/I3C_Controller_InBandInterrupt_IT/Drivers/STM32H5xx_HAL_Driver/Src/stm32h5xx_hal_gpio.c:587:13:HAL_GPIO_EXTI_Falling_Callback	16	static
