C:/Users/yuh1rt/Documents/pro/stm32h5_i3c_api/I3C_Controller_general/I3C_Controller_InBandInterrupt_IT/Drivers/STM32H5xx_HAL_Driver/Src/stm32h5xx_hal_flash.c:157:19:HAL_FLASH_Program	32	static
C:/Users/yuh1rt/Documents/pro/stm32h5_i3c_api/I3C_Controller_general/I3C_Controller_InBandInterrupt_IT/Drivers/STM32H5xx_HAL_Driver/Src/stm32h5xx_hal_flash.c:260:19:HAL_FLASH_Program_IT	32	static
C:/Users/yuh1rt/Documents/pro/stm32h5_i3c_api/I3C_Controller_general/I3C_Controller_InBandInterrupt_IT/Drivers/STM32H5xx_HAL_Driver/Src/stm32h5xx_hal_flash.c:348:6:HAL_FLASH_IRQHandler	32	static
C:/Users/yuh1rt/Documents/pro/stm32h5_i3c_api/I3C_Controller_general/I3C_Controller_InBandInterrupt_IT/Drivers/STM32H5xx_HAL_Driver/Src/stm32h5xx_hal_flash.c:465:13:HAL_FLASH_EndOfOperationCallback	16	static
C:/Users/yuh1rt/Documents/pro/stm32h5_i3c_api/I3C_Controller_general/I3C_Controller_InBandInterrupt_IT/Drivers/STM32H5xx_HAL_Driver/Src/stm32h5xx_hal_flash.c:482:13:HAL_FLASH_OperationErrorCallback	16	static
C:/Users/yuh1rt/Documents/pro/stm32h5_i3c_api/I3C_Controller_general/I3C_Controller_InBandInterrupt_IT/Drivers/STM32H5xx_HAL_Driver/Src/stm32h5xx_hal_flash.c:514:19:HAL_FLASH_Unlock	16	static
C:/Users/yuh1rt/Documents/pro/stm32h5_i3c_api/I3C_Controller_general/I3C_Controller_InBandInterrupt_IT/Drivers/STM32H5xx_HAL_Driver/Src/stm32h5xx_hal_flash.c:553:19:HAL_FLASH_Lock	16	static
C:/Users/yuh1rt/Documents/pro/stm32h5_i3c_api/I3C_Controller_general/I3C_Controller_InBandInterrupt_IT/Drivers/STM32H5xx_HAL_Driver/Src/stm32h5xx_hal_flash.c:585:19:HAL_FLASH_OB_Unlock	4	static
C:/Users/yuh1rt/Documents/pro/stm32h5_i3c_api/I3C_Controller_general/I3C_Controller_InBandInterrupt_IT/Drivers/STM32H5xx_HAL_Driver/Src/stm32h5xx_hal_flash.c:604:19:HAL_FLASH_OB_Lock	4	static
C:/Users/yuh1rt/Documents/pro/stm32h5_i3c_api/I3C_Controller_general/I3C_Controller_InBandInterrupt_IT/Drivers/STM32H5xx_HAL_Driver/Src/stm32h5xx_hal_flash.c:620:19:HAL_FLASH_OB_Launch	16	static
C:/Users/yuh1rt/Documents/pro/stm32h5_i3c_api/I3C_Controller_general/I3C_Controller_InBandInterrupt_IT/Drivers/STM32H5xx_HAL_Driver/Src/stm32h5xx_hal_flash.c:664:10:HAL_FLASH_GetError	4	static
C:/Users/yuh1rt/Documents/pro/stm32h5_i3c_api/I3C_Controller_general/I3C_Controller_InBandInterrupt_IT/Drivers/STM32H5xx_HAL_Driver/Src/stm32h5xx_hal_flash.c:687:19:FLASH_WaitForLastOperation	32	static
C:/Users/yuh1rt/Documents/pro/stm32h5_i3c_api/I3C_Controller_general/I3C_Controller_InBandInterrupt_IT/Drivers/STM32H5xx_HAL_Driver/Src/stm32h5xx_hal_flash.c:762:13:FLASH_Program_QuadWord	48	static,ignoring_inline_asm
C:/Users/yuh1rt/Documents/pro/stm32h5_i3c_api/I3C_Controller_general/I3C_Controller_InBandInterrupt_IT/Drivers/STM32H5xx_HAL_Driver/Src/stm32h5xx_hal_flash.c:845:13:FLASH_Program_HalfWord	24	static
